usb_core.c:95:13:USB_OTG_EnableCommonInt	24	static
usb_core.c:123:20:USB_OTG_CoreReset	32	static
usb_core.c:168:13:USB_OTG_WritePacket	40	static
usb_core.c:197:7:USB_OTG_ReadPacket	40	static
usb_core.c:221:13:USB_OTG_SelectCore	32	static
usb_core.c:323:13:USB_OTG_CoreInit	32	static
usb_core.c:429:13:USB_OTG_EnableGlobalInt	24	static
usb_core.c:447:13:USB_OTG_DisableGlobalInt	24	static
usb_core.c:464:13:USB_OTG_FlushTxFifo	32	static
usb_core.c:494:13:USB_OTG_FlushRxFifo	32	static
usb_core.c:524:13:USB_OTG_SetCurrentMode	24	static
usb_core.c:554:10:USB_OTG_GetMode	16	static
usb_core.c:565:9:USB_OTG_IsDeviceMode	16	static
usb_core.c:576:9:USB_OTG_IsHostMode	16	static
usb_core.c:587:10:USB_OTG_ReadCoreItr	24	static
usb_core.c:601:10:USB_OTG_ReadOtgItr	16	static
usb_core.c:612:13:USB_OTG_CoreInitHost	40	static
usb_core.c:716:9:USB_OTG_IsEvenFrame	16	static
usb_core.c:727:6:USB_OTG_DriveVbus	24	static
usb_core.c:756:13:USB_OTG_EnableHostInt	24	static
usb_core.c:790:6:USB_OTG_InitFSLSPClkSel	24	static
usb_core.c:805:10:USB_OTG_ReadHPRT0	24	static
usb_core.c:823:10:USB_OTG_ReadHostAllChannels_intr	16	static
usb_core.c:836:10:USB_OTG_ResetPort	24	static
usb_core.c:857:13:USB_OTG_HC_Init	40	static
usb_core.c:967:13:USB_OTG_HC_StartXfer	56	static
usb_core.c:1084:13:USB_OTG_HC_Halt	48	static
usb_core.c:1123:13:USB_OTG_HC_DoPing	32	static
usb_core.c:1146:6:USB_OTG_StopHost	24	static
