usbh_usr.c:98:6:USBH_USR_Init	4	static
usbh_usr.c:108:6:USBH_USR_DeviceAttached	4	static
usbh_usr.c:117:6:USBH_USR_UnrecoveredError	4	static
usbh_usr.c:127:6:USBH_USR_DeviceDisconnected	4	static
usbh_usr.c:137:6:USBH_USR_ResetDevice	4	static
usbh_usr.c:148:6:USBH_USR_DeviceSpeedDetected	16	static
usbh_usr.c:163:6:USBH_USR_Device_DescAvailable	16	static
usbh_usr.c:173:6:USBH_USR_DeviceAddressAssigned	4	static
usbh_usr.c:184:6:USBH_USR_Configuration_DescAvailable	24	static
usbh_usr.c:197:6:USBH_USR_Manufacturer_String	16	static
usbh_usr.c:207:6:USBH_USR_Product_String	16	static
usbh_usr.c:217:6:USBH_USR_SerialNum_String	16	static
usbh_usr.c:228:6:USBH_USR_EnumerationDone	4	static
usbh_usr.c:238:6:USBH_USR_DeviceNotSupported	4	static
usbh_usr.c:249:17:USBH_USR_UserInput	4	static
usbh_usr.c:259:6:USBH_USR_OverCurrentDetected	4	static
usbh_usr.c:269:6:USR_MOUSE_Init	4	static
usbh_usr.c:294:6:USR_MOUSE_ProcessData	16	static
usbh_usr.c:359:6:USR_KEYBRD_Init	4	static
usbh_usr.c:374:6:USR_KEYBRD_ProcessData	16	static
usbh_usr.c:388:6:USBH_USR_DeInit	4	static
