Archive member included to satisfy reference by file (symbol)

c:/program files (x86)/atollic/truestudio for arm 8.1.0/armtools/bin/../lib/gcc/arm-atollic-eabi/6.3.1/../../../../arm-atollic-eabi/lib/armv7e-m/fpu\libc_nano.a(lib_a-init.o)
                              src\startup_stm32f40xx.o (__libc_init_array)
c:/program files (x86)/atollic/truestudio for arm 8.1.0/armtools/bin/../lib/gcc/arm-atollic-eabi/6.3.1/../../../../arm-atollic-eabi/lib/armv7e-m/fpu\libc_nano.a(lib_a-malloc.o)
                              TM\tm_stm32f4_delay.o (malloc)
c:/program files (x86)/atollic/truestudio for arm 8.1.0/armtools/bin/../lib/gcc/arm-atollic-eabi/6.3.1/../../../../arm-atollic-eabi/lib/armv7e-m/fpu\libc_nano.a(lib_a-nano-freer.o)
                              c:/program files (x86)/atollic/truestudio for arm 8.1.0/armtools/bin/../lib/gcc/arm-atollic-eabi/6.3.1/../../../../arm-atollic-eabi/lib/armv7e-m/fpu\libc_nano.a(lib_a-malloc.o) (_free_r)
c:/program files (x86)/atollic/truestudio for arm 8.1.0/armtools/bin/../lib/gcc/arm-atollic-eabi/6.3.1/../../../../arm-atollic-eabi/lib/armv7e-m/fpu\libc_nano.a(lib_a-nano-mallocr.o)
                              c:/program files (x86)/atollic/truestudio for arm 8.1.0/armtools/bin/../lib/gcc/arm-atollic-eabi/6.3.1/../../../../arm-atollic-eabi/lib/armv7e-m/fpu\libc_nano.a(lib_a-malloc.o) (_malloc_r)
c:/program files (x86)/atollic/truestudio for arm 8.1.0/armtools/bin/../lib/gcc/arm-atollic-eabi/6.3.1/../../../../arm-atollic-eabi/lib/armv7e-m/fpu\libc_nano.a(lib_a-sbrkr.o)
                              c:/program files (x86)/atollic/truestudio for arm 8.1.0/armtools/bin/../lib/gcc/arm-atollic-eabi/6.3.1/../../../../arm-atollic-eabi/lib/armv7e-m/fpu\libc_nano.a(lib_a-nano-mallocr.o) (_sbrk_r)
c:/program files (x86)/atollic/truestudio for arm 8.1.0/armtools/bin/../lib/gcc/arm-atollic-eabi/6.3.1/../../../../arm-atollic-eabi/lib/armv7e-m/fpu\libc_nano.a(lib_a-strlen.o)
                              src\tiny_printf.o (strlen)
c:/program files (x86)/atollic/truestudio for arm 8.1.0/armtools/bin/../lib/gcc/arm-atollic-eabi/6.3.1/../../../../arm-atollic-eabi/lib/armv7e-m/fpu\libc_nano.a(lib_a-impure.o)
                              c:/program files (x86)/atollic/truestudio for arm 8.1.0/armtools/bin/../lib/gcc/arm-atollic-eabi/6.3.1/../../../../arm-atollic-eabi/lib/armv7e-m/fpu\libc_nano.a(lib_a-malloc.o) (_impure_ptr)
c:/program files (x86)/atollic/truestudio for arm 8.1.0/armtools/bin/../lib/gcc/arm-atollic-eabi/6.3.1/../../../../arm-atollic-eabi/lib/armv7e-m/fpu\libc_nano.a(lib_a-mlock.o)
                              c:/program files (x86)/atollic/truestudio for arm 8.1.0/armtools/bin/../lib/gcc/arm-atollic-eabi/6.3.1/../../../../arm-atollic-eabi/lib/armv7e-m/fpu\libc_nano.a(lib_a-nano-freer.o) (__malloc_lock)
c:/program files (x86)/atollic/truestudio for arm 8.1.0/armtools/bin/../lib/gcc/arm-atollic-eabi/6.3.1/../../../../arm-atollic-eabi/lib/armv7e-m/fpu\libc_nano.a(lib_a-reent.o)
                              c:/program files (x86)/atollic/truestudio for arm 8.1.0/armtools/bin/../lib/gcc/arm-atollic-eabi/6.3.1/../../../../arm-atollic-eabi/lib/armv7e-m/fpu\libc_nano.a(lib_a-sbrkr.o) (errno)
c:/program files (x86)/atollic/truestudio for arm 8.1.0/armtools/bin/../lib/gcc/arm-atollic-eabi/6.3.1/../../../../arm-atollic-eabi/lib/armv7e-m/fpu\libnosys.a(sbrk.o)
                              c:/program files (x86)/atollic/truestudio for arm 8.1.0/armtools/bin/../lib/gcc/arm-atollic-eabi/6.3.1/../../../../arm-atollic-eabi/lib/armv7e-m/fpu\libc_nano.a(lib_a-sbrkr.o) (_sbrk)
c:/program files (x86)/atollic/truestudio for arm 8.1.0/armtools/bin/../lib/gcc/arm-atollic-eabi/6.3.1/../../../../arm-atollic-eabi/lib/armv7e-m/fpu\libnosys.a(write.o)
                              src\tiny_printf.o (_write)

Allocating common symbols
Common symbol       size              file

HID_MOUSE_Data      0x4               USB_HID_HOST\usbh_hid_mouse.o
HID_Report          0x48              USB_HID_HOST\usbh_hid_core.o
HSEStartUpStatus    0x1               USB_HID_HOST\usb_bsp.o
TM_USB_HIDHOST_INT_Result
                    0x1               USB_HID_HOST\usbh_usr.o
errno               0x4               c:/program files (x86)/atollic/truestudio for arm 8.1.0/armtools/bin/../lib/gcc/arm-atollic-eabi/6.3.1/../../../../arm-atollic-eabi/lib/armv7e-m/fpu\libc_nano.a(lib_a-reent.o)
TM_USB_HIDHOST_INT_Keyboard
                    0x2               USB_HID_HOST\usbh_usr.o
USBH_CfgDesc        0x200             USB_HID_HOST\usbh_stdreq.o
TM_UART5_Buffer     0x20              TM\tm_stm32f4_usart.o
HID_Machine         0x54              USB_HID_HOST\usbh_hid_core.o
USB_OTG_Core        0x5ac             USB_HID_HOST\usb_bsp.o
TM_USART6_Buffer    0x20              TM\tm_stm32f4_usart.o
TM_USART3_Buffer    0x20              TM\tm_stm32f4_usart.o
TM_USART2_Buffer    0x20              TM\tm_stm32f4_usart.o
HID_Desc            0xa               USB_HID_HOST\usbh_hid_core.o
[...]
Memory Configuration

Name             Origin             Length             Attributes
FLASH            0x08000000         0x00100000         xr
RAM              0x20000000         0x00020000         xrw
MEMORY_B1        0x60000000         0x00000000         xr
CCMRAM           0x10000000         0x00010000         rw
*default*        0x00000000         0xffffffff

Linker script and memory map

LOAD c:/program files (x86)/atollic/truestudio for arm 8.1.0/armtools/bin/../lib/gcc/arm-atollic-eabi/6.3.1/armv7e-m/fpu/crti.o
LOAD c:/program files (x86)/atollic/truestudio for arm 8.1.0/armtools/bin/../lib/gcc/arm-atollic-eabi/6.3.1/armv7e-m/fpu/crtbegin.o
LOAD HC05_HID\HC05_HID.o
LOAD Libraries\STM32F4xx_StdPeriph_Driver\src\misc.o
LOAD Libraries\STM32F4xx_StdPeriph_Driver\src\stm32f4xx_adc.o
LOAD Libraries\STM32F4xx_StdPeriph_Driver\src\stm32f4xx_can.o
LOAD Libraries\STM32F4xx_StdPeriph_Driver\src\stm32f4xx_crc.o
LOAD Libraries\STM32F4xx_StdPeriph_Driver\src\stm32f4xx_cryp.o
LOAD Libraries\STM32F4xx_StdPeriph_Driver\src\stm32f4xx_cryp_aes.o
LOAD Libraries\STM32F4xx_StdPeriph_Driver\src\stm32f4xx_cryp_des.o
LOAD Libraries\STM32F4xx_StdPeriph_Driver\src\stm32f4xx_cryp_tdes.o
LOAD Libraries\STM32F4xx_StdPeriph_Driver\src\stm32f4xx_dac.o
LOAD Libraries\STM32F4xx_StdPeriph_Driver\src\stm32f4xx_dbgmcu.o
LOAD Libraries\STM32F4xx_StdPeriph_Driver\src\stm32f4xx_dcmi.o
LOAD Libraries\STM32F4xx_StdPeriph_Driver\src\stm32f4xx_dma.o
LOAD Libraries\STM32F4xx_StdPeriph_Driver\src\stm32f4xx_exti.o
LOAD Libraries\STM32F4xx_StdPeriph_Driver\src\stm32f4xx_flash.o
LOAD Libraries\STM32F4xx_StdPeriph_Driver\src\stm32f4xx_fsmc.o
LOAD Libraries\STM32F4xx_StdPeriph_Driver\src\stm32f4xx_gpio.o
LOAD Libraries\STM32F4xx_StdPeriph_Driver\src\stm32f4xx_hash.o
LOAD Libraries\STM32F4xx_StdPeriph_Driver\src\stm32f4xx_hash_md5.o
LOAD Libraries\STM32F4xx_StdPeriph_Driver\src\stm32f4xx_hash_sha1.o
LOAD Libraries\STM32F4xx_StdPeriph_Driver\src\stm32f4xx_i2c.o
LOAD Libraries\STM32F4xx_StdPeriph_Driver\src\stm32f4xx_iwdg.o
LOAD Libraries\STM32F4xx_StdPeriph_Driver\src\stm32f4xx_pwr.o
LOAD Libraries\STM32F4xx_StdPeriph_Driver\src\stm32f4xx_rcc.o
LOAD Libraries\STM32F4xx_StdPeriph_Driver\src\stm32f4xx_rng.o
LOAD Libraries\STM32F4xx_StdPeriph_Driver\src\stm32f4xx_rtc.o
LOAD Libraries\STM32F4xx_StdPeriph_Driver\src\stm32f4xx_sdio.o
LOAD Libraries\STM32F4xx_StdPeriph_Driver\src\stm32f4xx_spi.o
LOAD Libraries\STM32F4xx_StdPeriph_Driver\src\stm32f4xx_syscfg.o
LOAD Libraries\STM32F4xx_StdPeriph_Driver\src\stm32f4xx_tim.o
LOAD Libraries\STM32F4xx_StdPeriph_Driver\src\stm32f4xx_usart.o
LOAD Libraries\STM32F4xx_StdPeriph_Driver\src\stm32f4xx_wwdg.o
LOAD TM\tm_stm32f4_delay.o
LOAD TM\tm_stm32f4_disco.o
LOAD TM\tm_stm32f4_gpio.o
LOAD TM\tm_stm32f4_usart.o
LOAD TM\tm_stm32f4_usb_hid_host.o
LOAD USB_HID_HOST\usb_bsp.o
LOAD USB_HID_HOST\usb_core.o
LOAD USB_HID_HOST\usb_hcd.o
LOAD USB_HID_HOST\usb_hcd_int.o
LOAD USB_HID_HOST\usbh_core.o
LOAD USB_HID_HOST\usbh_hcs.o
LOAD USB_HID_HOST\usbh_hid_core.o
LOAD USB_HID_HOST\usbh_hid_keybd.o
LOAD USB_HID_HOST\usbh_hid_mouse.o
LOAD USB_HID_HOST\usbh_ioreq.o
LOAD USB_HID_HOST\usbh_stdreq.o
LOAD USB_HID_HOST\usbh_usr.o
LOAD src\main.o
LOAD src\startup_stm32f40xx.o
LOAD src\stm32f4xx_it.o
LOAD src\system_stm32f4xx.o
LOAD src\tiny_printf.o
                0x00000080                malloc_getpagesize_P = 0x80
START GROUP
LOAD c:/program files (x86)/atollic/truestudio for arm 8.1.0/armtools/bin/../lib/gcc/arm-atollic-eabi/6.3.1/../../../../arm-atollic-eabi/lib/armv7e-m/fpu\libc_nano.a
LOAD c:/program files (x86)/atollic/truestudio for arm 8.1.0/armtools/bin/../lib/gcc/arm-atollic-eabi/6.3.1/../../../../arm-atollic-eabi/lib/armv7e-m/fpu\libm.a
END GROUP
START GROUP
LOAD c:/program files (x86)/atollic/truestudio for arm 8.1.0/armtools/bin/../lib/gcc/arm-atollic-eabi/6.3.1/armv7e-m/fpu\libgcc.a
LOAD c:/program files (x86)/atollic/truestudio for arm 8.1.0/armtools/bin/../lib/gcc/arm-atollic-eabi/6.3.1/../../../../arm-atollic-eabi/lib/armv7e-m/fpu\libc_nano.a
END GROUP
START GROUP
LOAD c:/program files (x86)/atollic/truestudio for arm 8.1.0/armtools/bin/../lib/gcc/arm-atollic-eabi/6.3.1/armv7e-m/fpu\libgcc.a
LOAD c:/program files (x86)/atollic/truestudio for arm 8.1.0/armtools/bin/../lib/gcc/arm-atollic-eabi/6.3.1/../../../../arm-atollic-eabi/lib/armv7e-m/fpu\libc_nano.a
LOAD c:/program files (x86)/atollic/truestudio for arm 8.1.0/armtools/bin/../lib/gcc/arm-atollic-eabi/6.3.1/../../../../arm-atollic-eabi/lib/armv7e-m/fpu\libnosys.a
END GROUP
START GROUP
LOAD c:/program files (x86)/atollic/truestudio for arm 8.1.0/armtools/bin/../lib/gcc/arm-atollic-eabi/6.3.1/armv7e-m/fpu\libgcc.a
LOAD c:/program files (x86)/atollic/truestudio for arm 8.1.0/armtools/bin/../lib/gcc/arm-atollic-eabi/6.3.1/../../../../arm-atollic-eabi/lib/armv7e-m/fpu\libc_nano.a
LOAD c:/program files (x86)/atollic/truestudio for arm 8.1.0/armtools/bin/../lib/gcc/arm-atollic-eabi/6.3.1/../../../../arm-atollic-eabi/lib/armv7e-m/fpu\libnosys.a
END GROUP
LOAD c:/program files (x86)/atollic/truestudio for arm 8.1.0/armtools/bin/../lib/gcc/arm-atollic-eabi/6.3.1/armv7e-m/fpu/crtend.o
LOAD c:/program files (x86)/atollic/truestudio for arm 8.1.0/armtools/bin/../lib/gcc/arm-atollic-eabi/6.3.1/armv7e-m/fpu/crtn.o
                0x20020000                _estack = 0x20020000
                0x00000000                _Min_Heap_Size = 0x0
                0x00000400                _Min_Stack_Size = 0x400

.isr_vector     0x08000000      0x188
                0x08000000                . = ALIGN (0x4)
 *(.isr_vector)
 .isr_vector    0x08000000      0x188 src\startup_stm32f40xx.o
                0x08000000                g_pfnVectors
                0x08000188                . = ALIGN (0x4)

.text           0x08000188     0x6180
                0x08000188                . = ALIGN (0x4)
 *(.text)
 .text          0x08000188       0x40 c:/program files (x86)/atollic/truestudio for arm 8.1.0/armtools/bin/../lib/gcc/arm-atollic-eabi/6.3.1/armv7e-m/fpu/crtbegin.o
 *(.text*)
 .text.TM_USART_Putc
                0x080001c8       0x50 HC05_HID\HC05_HID.o
 .text.HC05_HID_COM_Init
                0x08000218       0x18 HC05_HID\HC05_HID.o
                0x08000218                HC05_HID_COM_Init
 .text.HC05_HID_SendKeyboardState
                0x08000230       0x68 HC05_HID\HC05_HID.o
                0x08000230                HC05_HID_SendKeyboardState
 .text.HC05_HID_SendMouseState
                0x08000298       0x64 HC05_HID\HC05_HID.o
                0x08000298                HC05_HID_SendMouseState
 .text.NVIC_PriorityGroupConfig
                0x080002fc       0x28 Libraries\STM32F4xx_StdPeriph_Driver\src\misc.o
                0x080002fc                NVIC_PriorityGroupConfig
 .text.NVIC_Init
                0x08000324       0xc4 Libraries\STM32F4xx_StdPeriph_Driver\src\misc.o
                0x08000324                NVIC_Init
 .text.GPIO_Init
                0x080003e8      0x11c Libraries\STM32F4xx_StdPeriph_Driver\src\stm32f4xx_gpio.o
                0x080003e8                GPIO_Init
 .text.GPIO_SetBits
                0x08000504       0x1e Libraries\STM32F4xx_StdPeriph_Driver\src\stm32f4xx_gpio.o
                0x08000504                GPIO_SetBits
 .text.GPIO_ResetBits
                0x08000522       0x1e Libraries\STM32F4xx_StdPeriph_Driver\src\stm32f4xx_gpio.o
                0x08000522                GPIO_ResetBits
 .text.GPIO_PinAFConfig
                0x08000540       0x92 Libraries\STM32F4xx_StdPeriph_Driver\src\stm32f4xx_gpio.o
                0x08000540                GPIO_PinAFConfig
 *fill*         0x080005d2        0x2 
 .text.RCC_GetClocksFreq
                0x080005d4      0x150 Libraries\STM32F4xx_StdPeriph_Driver\src\stm32f4xx_rcc.o
                0x080005d4                RCC_GetClocksFreq
 .text.RCC_AHB1PeriphClockCmd
                0x08000724       0x40 Libraries\STM32F4xx_StdPeriph_Driver\src\stm32f4xx_rcc.o
                0x08000724                RCC_AHB1PeriphClockCmd
 .text.RCC_AHB2PeriphClockCmd
                0x08000764       0x40 Libraries\STM32F4xx_StdPeriph_Driver\src\stm32f4xx_rcc.o
                0x08000764                RCC_AHB2PeriphClockCmd
 .text.RCC_APB2PeriphClockCmd
                0x080007a4       0x40 Libraries\STM32F4xx_StdPeriph_Driver\src\stm32f4xx_rcc.o
                0x080007a4                RCC_APB2PeriphClockCmd
 .text.RCC_APB1PeriphResetCmd
                0x080007e4       0x40 Libraries\STM32F4xx_StdPeriph_Driver\src\stm32f4xx_rcc.o
                0x080007e4                RCC_APB1PeriphResetCmd
 .text.RCC_APB2PeriphResetCmd
                0x08000824       0x40 Libraries\STM32F4xx_StdPeriph_Driver\src\stm32f4xx_rcc.o
                0x08000824                RCC_APB2PeriphResetCmd
 .text.USART_DeInit
                0x08000864      0x118 Libraries\STM32F4xx_StdPeriph_Driver\src\stm32f4xx_usart.o
                0x08000864                USART_DeInit
 .text.USART_Init
                0x0800097c      0x174 Libraries\STM32F4xx_StdPeriph_Driver\src\stm32f4xx_usart.o
                0x0800097c                USART_Init
 .text.NVIC_SetPriority
                0x08000af0       0x54 TM\tm_stm32f4_delay.o
 .text.SysTick_Config
                0x08000b44       0x44 TM\tm_stm32f4_delay.o
 .text.SysTick_Handler
                0x08000b88       0xf0 TM\tm_stm32f4_delay.o
                0x08000b88                SysTick_Handler
 .text.TM_DELAY_Init
                0x08000c78       0x50 TM\tm_stm32f4_delay.o
                0x08000c78                TM_DELAY_Init
 .text.TM_DISCO_LedInit
                0x08000cc8       0x30 TM\tm_stm32f4_disco.o
                0x08000cc8                TM_DISCO_LedInit
 .text.TM_GPIO_Init
                0x08000cf8       0x46 TM\tm_stm32f4_gpio.o
                0x08000cf8                TM_GPIO_Init
 .text.TM_GPIO_InitAlternate
                0x08000d3e       0xa6 TM\tm_stm32f4_gpio.o
                0x08000d3e                TM_GPIO_InitAlternate
 .text.TM_GPIO_GetPortSource
                0x08000de4       0x22 TM\tm_stm32f4_gpio.o
                0x08000de4                TM_GPIO_GetPortSource
 *fill*         0x08000e06        0x2 
 .text.TM_GPIO_INT_EnableClock
                0x08000e08       0x30 TM\tm_stm32f4_gpio.o
                0x08000e08                TM_GPIO_INT_EnableClock
 .text.TM_GPIO_INT_Init
                0x08000e38      0x10c TM\tm_stm32f4_gpio.o
                0x08000e38                TM_GPIO_INT_Init
 .text.TM_USART_Init
                0x08000f44      0x108 TM\tm_stm32f4_usart.o
                0x08000f44                TM_USART_Init
 .text.TM_USART_INT_InsertToBuffer
                0x0800104c       0x5c TM\tm_stm32f4_usart.o
                0x0800104c                TM_USART_INT_InsertToBuffer
 .text.TM_USART_InitCustomPinsCallback
                0x080010a8       0x18 TM\tm_stm32f4_usart.o
                0x080010a8                TM_USART_InitCustomPinsCallback
 .text.TM_USART_INT_GetUsart
                0x080010c0       0x90 TM\tm_stm32f4_usart.o
                0x080010c0                TM_USART_INT_GetUsart
 .text.TM_USART_INT_GetSubPriority
                0x08001150       0x78 TM\tm_stm32f4_usart.o
                0x08001150                TM_USART_INT_GetSubPriority
 .text.TM_USART1_InitPins
                0x080011c8       0x64 TM\tm_stm32f4_usart.o
                0x080011c8                TM_USART1_InitPins
 .text.TM_USART2_InitPins
                0x0800122c       0x60 TM\tm_stm32f4_usart.o
                0x0800122c                TM_USART2_InitPins
 .text.TM_USART3_InitPins
                0x0800128c       0x84 TM\tm_stm32f4_usart.o
                0x0800128c                TM_USART3_InitPins
 .text.TM_UART4_InitPins
                0x08001310       0x64 TM\tm_stm32f4_usart.o
                0x08001310                TM_UART4_InitPins
 .text.TM_UART5_InitPins
                0x08001374       0x5c TM\tm_stm32f4_usart.o
                0x08001374                TM_UART5_InitPins
 .text.TM_USART6_InitPins
                0x080013d0       0x64 TM\tm_stm32f4_usart.o
                0x080013d0                TM_USART6_InitPins
 .text.USART1_IRQHandler
                0x08001434       0x30 TM\tm_stm32f4_usart.o
                0x08001434                USART1_IRQHandler
 .text.USART2_IRQHandler
                0x08001464       0x30 TM\tm_stm32f4_usart.o
                0x08001464                USART2_IRQHandler
 .text.USART3_IRQHandler
                0x08001494       0x30 TM\tm_stm32f4_usart.o
                0x08001494                USART3_IRQHandler
 .text.UART4_IRQHandler
                0x080014c4       0x30 TM\tm_stm32f4_usart.o
                0x080014c4                UART4_IRQHandler
 .text.UART5_IRQHandler
                0x080014f4       0x30 TM\tm_stm32f4_usart.o
                0x080014f4                UART5_IRQHandler
 .text.USART6_IRQHandler
                0x08001524       0x30 TM\tm_stm32f4_usart.o
                0x08001524                USART6_IRQHandler
 .text.TM_USART_INT_Init
                0x08001554      0x18c TM\tm_stm32f4_usart.o
 .text.TM_USB_HIDHOST_Init
                0x080016e0       0x38 TM\tm_stm32f4_usb_hid_host.o
                0x080016e0                TM_USB_HIDHOST_Init
 .text.TM_USB_HIDHOST_Process
                0x08001718       0x30 TM\tm_stm32f4_usb_hid_host.o
                0x08001718                TM_USB_HIDHOST_Process
 .text.TM_USB_HIDHOST_Device
                0x08001748       0x28 TM\tm_stm32f4_usb_hid_host.o
                0x08001748                TM_USB_HIDHOST_Device
 .text.TM_USB_HIDHOST_ReadMouse
                0x08001770       0x78 TM\tm_stm32f4_usb_hid_host.o
                0x08001770                TM_USB_HIDHOST_ReadMouse
 .text.USB_OTG_BSP_Init
                0x080017e8       0x78 USB_HID_HOST\usb_bsp.o
                0x080017e8                USB_OTG_BSP_Init
 .text.USB_OTG_BSP_EnableInterrupt
                0x08001860       0x32 USB_HID_HOST\usb_bsp.o
                0x08001860                USB_OTG_BSP_EnableInterrupt
 *fill*         0x08001892        0x2 
 .text.USB_OTG_BSP_DriveVBUS
                0x08001894       0x30 USB_HID_HOST\usb_bsp.o
                0x08001894                USB_OTG_BSP_DriveVBUS
 .text.USB_OTG_BSP_ConfigVBUS
                0x080018c4       0x4c USB_HID_HOST\usb_bsp.o
                0x080018c4                USB_OTG_BSP_ConfigVBUS
 .text.USB_OTG_BSP_uDelay
                0x08001910       0x48 USB_HID_HOST\usb_bsp.o
                0x08001910                USB_OTG_BSP_uDelay
 .text.USB_OTG_BSP_mDelay
                0x08001958       0x20 USB_HID_HOST\usb_bsp.o
                0x08001958                USB_OTG_BSP_mDelay
 .text.OTG_FS_IRQHandler
                0x08001978       0x14 USB_HID_HOST\usb_bsp.o
                0x08001978                OTG_FS_IRQHandler
 .text.USB_OTG_EnableCommonInt
                0x0800198c       0x44 USB_HID_HOST\usb_core.o
 .text.USB_OTG_CoreReset
                0x080019d0       0x90 USB_HID_HOST\usb_core.o
 .text.USB_OTG_WritePacket
                0x08001a60       0x76 USB_HID_HOST\usb_core.o
                0x08001a60                USB_OTG_WritePacket
 .text.USB_OTG_ReadPacket
                0x08001ad6       0x58 USB_HID_HOST\usb_core.o
                0x08001ad6                USB_OTG_ReadPacket
 *fill*         0x08001b2e        0x2 
 .text.USB_OTG_SelectCore
                0x08001b30      0x174 USB_HID_HOST\usb_core.o
                0x08001b30                USB_OTG_SelectCore
 .text.USB_OTG_CoreInit
                0x08001ca4      0x13a USB_HID_HOST\usb_core.o
                0x08001ca4                USB_OTG_CoreInit
 .text.USB_OTG_EnableGlobalInt
                0x08001dde       0x36 USB_HID_HOST\usb_core.o
                0x08001dde                USB_OTG_EnableGlobalInt
 .text.USB_OTG_DisableGlobalInt
                0x08001e14       0x38 USB_HID_HOST\usb_core.o
                0x08001e14                USB_OTG_DisableGlobalInt
 .text.USB_OTG_FlushTxFifo
                0x08001e4c       0x74 USB_HID_HOST\usb_core.o
                0x08001e4c                USB_OTG_FlushTxFifo
 .text.USB_OTG_FlushRxFifo
                0x08001ec0       0x60 USB_HID_HOST\usb_core.o
                0x08001ec0                USB_OTG_FlushRxFifo
 .text.USB_OTG_SetCurrentMode
                0x08001f20       0x5e USB_HID_HOST\usb_core.o
                0x08001f20                USB_OTG_SetCurrentMode
 .text.USB_OTG_GetMode
                0x08001f7e       0x1e USB_HID_HOST\usb_core.o
                0x08001f7e                USB_OTG_GetMode
 .text.USB_OTG_IsHostMode
                0x08001f9c       0x22 USB_HID_HOST\usb_core.o
                0x08001f9c                USB_OTG_IsHostMode
 .text.USB_OTG_ReadCoreItr
                0x08001fbe       0x2e USB_HID_HOST\usb_core.o
                0x08001fbe                USB_OTG_ReadCoreItr
 .text.USB_OTG_CoreInitHost
                0x08001fec       0xf6 USB_HID_HOST\usb_core.o
                0x08001fec                USB_OTG_CoreInitHost
 .text.USB_OTG_IsEvenFrame
                0x080020e2       0x28 USB_HID_HOST\usb_core.o
                0x080020e2                USB_OTG_IsEvenFrame
 .text.USB_OTG_DriveVbus
                0x0800210a       0x7a USB_HID_HOST\usb_core.o
                0x0800210a                USB_OTG_DriveVbus
 .text.USB_OTG_EnableHostInt
                0x08002184       0x80 USB_HID_HOST\usb_core.o
                0x08002184                USB_OTG_EnableHostInt
 .text.USB_OTG_InitFSLSPClkSel
                0x08002204       0x38 USB_HID_HOST\usb_core.o
                0x08002204                USB_OTG_InitFSLSPClkSel
 .text.USB_OTG_ReadHPRT0
                0x0800223c       0x40 USB_HID_HOST\usb_core.o
                0x0800223c                USB_OTG_ReadHPRT0
 .text.USB_OTG_ReadHostAllChannels_intr
                0x0800227c       0x1a USB_HID_HOST\usb_core.o
                0x0800227c                USB_OTG_ReadHostAllChannels_intr
 .text.USB_OTG_ResetPort
                0x08002296       0x4c USB_HID_HOST\usb_core.o
                0x08002296                USB_OTG_ResetPort
 *fill*         0x080022e2        0x2 
 .text.USB_OTG_HC_Init
                0x080022e4      0x298 USB_HID_HOST\usb_core.o
                0x080022e4                USB_OTG_HC_Init
 .text.USB_OTG_HC_StartXfer
                0x0800257c      0x2c0 USB_HID_HOST\usb_core.o
                0x0800257c                USB_OTG_HC_StartXfer
 .text.USB_OTG_HC_Halt
                0x0800283c       0xa0 USB_HID_HOST\usb_core.o
                0x0800283c                USB_OTG_HC_Halt
 .text.USB_OTG_HC_DoPing
                0x080028dc       0x74 USB_HID_HOST\usb_core.o
                0x080028dc                USB_OTG_HC_DoPing
 .text.HCD_Init
                0x08002950       0x8c USB_HID_HOST\usb_hcd.o
                0x08002950                HCD_Init
 .text.HCD_GetCurrentSpeed
                0x080029dc       0x26 USB_HID_HOST\usb_hcd.o
                0x080029dc                HCD_GetCurrentSpeed
 .text.HCD_ResetPort
                0x08002a02       0x18 USB_HID_HOST\usb_hcd.o
                0x08002a02                HCD_ResetPort
 .text.HCD_IsDeviceConnected
                0x08002a1a       0x1a USB_HID_HOST\usb_hcd.o
                0x08002a1a                HCD_IsDeviceConnected
 .text.HCD_GetCurrentFrame
                0x08002a34       0x1c USB_HID_HOST\usb_hcd.o
                0x08002a34                HCD_GetCurrentFrame
 .text.HCD_GetURB_State
                0x08002a50       0x24 USB_HID_HOST\usb_hcd.o
                0x08002a50                HCD_GetURB_State
 .text.HCD_SubmitRequest
                0x08002a74       0x3c USB_HID_HOST\usb_hcd.o
                0x08002a74                HCD_SubmitRequest
 .text.USBH_OTG_ISR_Handler
                0x08002ab0      0x10a USB_HID_HOST\usb_hcd_int.o
                0x08002ab0                USBH_OTG_ISR_Handler
 .text.USB_OTG_USBH_handle_hc_ISR
                0x08002bba       0x8c USB_HID_HOST\usb_hcd_int.o
 *fill*         0x08002c46        0x2 
 .text.USB_OTG_USBH_handle_sof_ISR
                0x08002c48       0x34 USB_HID_HOST\usb_hcd_int.o
 .text.USB_OTG_USBH_handle_Disconnect_ISR
                0x08002c7c       0x34 USB_HID_HOST\usb_hcd_int.o
 .text.USB_OTG_USBH_handle_nptxfempty_ISR
                0x08002cb0      0x186 USB_HID_HOST\usb_hcd_int.o
 .text.USB_OTG_USBH_handle_ptxfempty_ISR
                0x08002e36      0x186 USB_HID_HOST\usb_hcd_int.o
 .text.USB_OTG_USBH_handle_port_ISR
                0x08002fbc      0x164 USB_HID_HOST\usb_hcd_int.o
 .text.USB_OTG_USBH_handle_hc_n_Out_ISR
                0x08003120      0x54e USB_HID_HOST\usb_hcd_int.o
 .text.USB_OTG_USBH_handle_hc_n_In_ISR
                0x0800366e      0x5ae USB_HID_HOST\usb_hcd_int.o
 .text.USB_OTG_USBH_handle_rx_qlvl_ISR
                0x08003c1c      0x196 USB_HID_HOST\usb_hcd_int.o
 .text.USB_OTG_USBH_handle_IncompletePeriodicXfer_ISR
                0x08003db2       0x4e USB_HID_HOST\usb_hcd_int.o
 .text.USBH_Connected
                0x08003e00       0x1e USB_HID_HOST\usbh_core.o
                0x08003e00                USBH_Connected
 .text.USBH_Disconnected
                0x08003e1e       0x1e USB_HID_HOST\usbh_core.o
                0x08003e1e                USBH_Disconnected
 .text.USBH_SOF
                0x08003e3c       0x16 USB_HID_HOST\usbh_core.o
                0x08003e3c                USBH_SOF
 .text.USBH_Init
                0x08003e52       0x54 USB_HID_HOST\usbh_core.o
                0x08003e52                USBH_Init
 .text.USBH_DeInit
                0x08003ea6       0x60 USB_HID_HOST\usbh_core.o
                0x08003ea6                USBH_DeInit
 *fill*         0x08003f06        0x2 
 .text.USBH_Process
                0x08003f08      0x254 USB_HID_HOST\usbh_core.o
                0x08003f08                USBH_Process
 .text.USBH_ErrorHandle
                0x0800415c       0x48 USB_HID_HOST\usbh_core.o
                0x0800415c                USBH_ErrorHandle
 .text.USBH_HandleEnum
                0x080041a4      0x2e4 USB_HID_HOST\usbh_core.o
 .text.USBH_HandleControl
                0x08004488      0x344 USB_HID_HOST\usbh_core.o
                0x08004488                USBH_HandleControl
 .text.USBH_Open_Channel
                0x080047cc       0xf8 USB_HID_HOST\usbh_hcs.o
                0x080047cc                USBH_Open_Channel
 .text.USBH_Modify_Channel
                0x080048c4       0x98 USB_HID_HOST\usbh_hcs.o
                0x080048c4                USBH_Modify_Channel
 .text.USBH_Alloc_Channel
                0x0800495c       0x4a USB_HID_HOST\usbh_hcs.o
                0x0800495c                USBH_Alloc_Channel
 .text.USBH_Free_Channel
                0x080049a6       0x44 USB_HID_HOST\usbh_hcs.o
                0x080049a6                USBH_Free_Channel
 .text.USBH_DeAllocate_AllChannel
                0x080049ea       0x38 USB_HID_HOST\usbh_hcs.o
                0x080049ea                USBH_DeAllocate_AllChannel
 .text.USBH_GetFreeChannel
                0x08004a22       0x48 USB_HID_HOST\usbh_hcs.o
 *fill*         0x08004a6a        0x2 
 .text.USBH_HID_InterfaceInit
                0x08004a6c      0x1a8 USB_HID_HOST\usbh_hid_core.o
 .text.USBH_HID_InterfaceDeInit
                0x08004c14       0x7c USB_HID_HOST\usbh_hid_core.o
 .text.USBH_HID_ClassRequest
                0x08004c90       0xf4 USB_HID_HOST\usbh_hid_core.o
 .text.USBH_HID_Handle
                0x08004d84      0x144 USB_HID_HOST\usbh_hid_core.o
 .text.USBH_Get_HID_ReportDescriptor
                0x08004ec8       0x36 USB_HID_HOST\usbh_hid_core.o
 .text.USBH_Get_HID_Descriptor
                0x08004efe       0x36 USB_HID_HOST\usbh_hid_core.o
 .text.USBH_Set_Idle
                0x08004f34       0x58 USB_HID_HOST\usbh_hid_core.o
 .text.USBH_Set_Protocol
                0x08004f8c       0x50 USB_HID_HOST\usbh_hid_core.o
 .text.USBH_ParseHIDDesc
                0x08004fdc       0x7a USB_HID_HOST\usbh_hid_core.o
 .text.KEYBRD_Init
                0x08005056        0xc USB_HID_HOST\usbh_hid_keybd.o
 *fill*         0x08005062        0x2 
 .text.KEYBRD_Decode
                0x08005064      0x1d0 USB_HID_HOST\usbh_hid_keybd.o
 .text.MOUSE_Init
                0x08005234        0xc USB_HID_HOST\usbh_hid_mouse.o
 .text.MOUSE_Decode
                0x08005240       0x38 USB_HID_HOST\usbh_hid_mouse.o
 .text.USBH_CtlReq
                0x08005278       0x84 USB_HID_HOST\usbh_ioreq.o
                0x08005278                USBH_CtlReq
 .text.USBH_CtlSendSetup
                0x080052fc       0x68 USB_HID_HOST\usbh_ioreq.o
                0x080052fc                USBH_CtlSendSetup
 .text.USBH_CtlSendData
                0x08005364       0xaa USB_HID_HOST\usbh_ioreq.o
                0x08005364                USBH_CtlSendData
 .text.USBH_CtlReceiveData
                0x0800540e       0x6e USB_HID_HOST\usbh_ioreq.o
                0x0800540e                USBH_CtlReceiveData
 .text.USBH_InterruptReceiveData
                0x0800547c       0xb8 USB_HID_HOST\usbh_ioreq.o
                0x0800547c                USBH_InterruptReceiveData
 .text.USBH_SubmitSetupRequest
                0x08005534       0x3c USB_HID_HOST\usbh_ioreq.o
 .text.USBH_Get_DevDesc
                0x08005570       0x54 USB_HID_HOST\usbh_stdreq.o
                0x08005570                USBH_Get_DevDesc
 .text.USBH_Get_CfgDesc
                0x080055c4       0x88 USB_HID_HOST\usbh_stdreq.o
                0x080055c4                USBH_Get_CfgDesc
 .text.USBH_Get_StringDesc
                0x0800564c       0x56 USB_HID_HOST\usbh_stdreq.o
                0x0800564c                USBH_Get_StringDesc
 .text.USBH_GetDescriptor
                0x080056a2       0x66 USB_HID_HOST\usbh_stdreq.o
                0x080056a2                USBH_GetDescriptor
 .text.USBH_SetAddress
                0x08005708       0x44 USB_HID_HOST\usbh_stdreq.o
                0x08005708                USBH_SetAddress
 .text.USBH_SetCfg
                0x0800574c       0x42 USB_HID_HOST\usbh_stdreq.o
                0x0800574c                USBH_SetCfg
 .text.USBH_ClrFeature
                0x0800578e       0x76 USB_HID_HOST\usbh_stdreq.o
                0x0800578e                USBH_ClrFeature
 .text.USBH_ParseDevDesc
                0x08005804       0xe8 USB_HID_HOST\usbh_stdreq.o
 .text.USBH_ParseCfgDesc
                0x080058ec      0x1c4 USB_HID_HOST\usbh_stdreq.o
 .text.USBH_ParseInterfaceDesc
                0x08005ab0       0x5e USB_HID_HOST\usbh_stdreq.o
 .text.USBH_ParseEPDesc
                0x08005b0e       0x5c USB_HID_HOST\usbh_stdreq.o
 .text.USBH_ParseStringDesc
                0x08005b6a       0x66 USB_HID_HOST\usbh_stdreq.o
 .text.USBH_GetNextDesc
                0x08005bd0       0x36 USB_HID_HOST\usbh_stdreq.o
                0x08005bd0                USBH_GetNextDesc
 *fill*         0x08005c06        0x2 
 .text.USBH_USR_Init
                0x08005c08       0x18 USB_HID_HOST\usbh_usr.o
                0x08005c08                USBH_USR_Init
 .text.USBH_USR_DeviceAttached
                0x08005c20       0x18 USB_HID_HOST\usbh_usr.o
                0x08005c20                USBH_USR_DeviceAttached
 .text.USBH_USR_UnrecoveredError
                0x08005c38       0x18 USB_HID_HOST\usbh_usr.o
                0x08005c38                USBH_USR_UnrecoveredError
 .text.USBH_USR_DeviceDisconnected
                0x08005c50       0x18 USB_HID_HOST\usbh_usr.o
                0x08005c50                USBH_USR_DeviceDisconnected
 .text.USBH_USR_ResetDevice
                0x08005c68       0x18 USB_HID_HOST\usbh_usr.o
                0x08005c68                USBH_USR_ResetDevice
 .text.USBH_USR_DeviceSpeedDetected
                0x08005c80       0x34 USB_HID_HOST\usbh_usr.o
                0x08005c80                USBH_USR_DeviceSpeedDetected
 .text.USBH_USR_Device_DescAvailable
                0x08005cb4       0x14 USB_HID_HOST\usbh_usr.o
                0x08005cb4                USBH_USR_Device_DescAvailable
 .text.USBH_USR_DeviceAddressAssigned
                0x08005cc8        0xe USB_HID_HOST\usbh_usr.o
                0x08005cc8                USBH_USR_DeviceAddressAssigned
 .text.USBH_USR_Configuration_DescAvailable
                0x08005cd6       0x18 USB_HID_HOST\usbh_usr.o
                0x08005cd6                USBH_USR_Configuration_DescAvailable
 .text.USBH_USR_Manufacturer_String
                0x08005cee       0x14 USB_HID_HOST\usbh_usr.o
                0x08005cee                USBH_USR_Manufacturer_String
 .text.USBH_USR_Product_String
                0x08005d02       0x14 USB_HID_HOST\usbh_usr.o
                0x08005d02                USBH_USR_Product_String
 .text.USBH_USR_SerialNum_String
                0x08005d16       0x14 USB_HID_HOST\usbh_usr.o
                0x08005d16                USBH_USR_SerialNum_String
 .text.USBH_USR_EnumerationDone
                0x08005d2a        0xe USB_HID_HOST\usbh_usr.o
                0x08005d2a                USBH_USR_EnumerationDone
 .text.USBH_USR_DeviceNotSupported
                0x08005d38       0x18 USB_HID_HOST\usbh_usr.o
                0x08005d38                USBH_USR_DeviceNotSupported
 .text.USBH_USR_UserInput
                0x08005d50       0x10 USB_HID_HOST\usbh_usr.o
                0x08005d50                USBH_USR_UserInput
 .text.USBH_USR_OverCurrentDetected
                0x08005d60       0x18 USB_HID_HOST\usbh_usr.o
                0x08005d60                USBH_USR_OverCurrentDetected
 .text.USR_MOUSE_Init
                0x08005d78       0x58 USB_HID_HOST\usbh_usr.o
                0x08005d78                USR_MOUSE_Init
 .text.USR_MOUSE_ProcessData
                0x08005dd0      0x11c USB_HID_HOST\usbh_usr.o
                0x08005dd0                USR_MOUSE_ProcessData
 .text.USR_KEYBRD_Init
                0x08005eec       0x24 USB_HID_HOST\usbh_usr.o
                0x08005eec                USR_KEYBRD_Init
 .text.USR_KEYBRD_ProcessData
                0x08005f10       0x28 USB_HID_HOST\usbh_usr.o
                0x08005f10                USR_KEYBRD_ProcessData
 .text.USBH_USR_DeInit
                0x08005f38        0xe USB_HID_HOST\usbh_usr.o
                0x08005f38                USBH_USR_DeInit
 *fill*         0x08005f46        0x2 
 .text.Delayms  0x08005f48       0x58 src\main.o
 .text.main     0x08005fa0      0x100 src\main.o
                0x08005fa0                main
 .text.Reset_Handler
                0x080060a0       0x50 src\startup_stm32f40xx.o
                0x080060a0                Reset_Handler
 .text.Default_Handler
                0x080060f0        0x2 src\startup_stm32f40xx.o
                0x080060f0                RTC_Alarm_IRQHandler
                0x080060f0                HASH_RNG_IRQHandler
                0x080060f0                EXTI2_IRQHandler
                0x080060f0                TIM8_CC_IRQHandler
                0x080060f0                TIM1_CC_IRQHandler
                0x080060f0                DMA2_Stream5_IRQHandler
                0x080060f0                DMA1_Stream5_IRQHandler
                0x080060f0                PVD_IRQHandler
                0x080060f0                SDIO_IRQHandler
                0x080060f0                TAMP_STAMP_IRQHandler
                0x080060f0                CAN2_RX1_IRQHandler
                0x080060f0                EXTI3_IRQHandler
                0x080060f0                TIM8_TRG_COM_TIM14_IRQHandler
                0x080060f0                TIM1_UP_TIM10_IRQHandler
                0x080060f0                TIM8_UP_TIM13_IRQHandler
                0x080060f0                I2C3_ER_IRQHandler
                0x080060f0                EXTI0_IRQHandler
                0x080060f0                I2C2_EV_IRQHandler
                0x080060f0                DMA1_Stream2_IRQHandler
                0x080060f0                CAN1_RX0_IRQHandler
                0x080060f0                FPU_IRQHandler
                0x080060f0                OTG_HS_WKUP_IRQHandler
                0x080060f0                CAN2_SCE_IRQHandler
                0x080060f0                DMA2_Stream2_IRQHandler
                0x080060f0                SPI1_IRQHandler
                0x080060f0                TIM6_DAC_IRQHandler
                0x080060f0                TIM1_BRK_TIM9_IRQHandler
                0x080060f0                DCMI_IRQHandler
                0x080060f0                CAN2_RX0_IRQHandler
                0x080060f0                DMA2_Stream3_IRQHandler
                0x080060f0                CRYP_IRQHandler
                0x080060f0                CAN1_RX1_IRQHandler
                0x080060f0                DMA2_Stream0_IRQHandler
                0x080060f0                TIM4_IRQHandler
                0x080060f0                I2C1_EV_IRQHandler
                0x080060f0                DMA1_Stream6_IRQHandler
                0x080060f0                DMA1_Stream1_IRQHandler
                0x080060f0                TIM3_IRQHandler
                0x080060f0                RCC_IRQHandler
                0x080060f0                TIM8_BRK_TIM12_IRQHandler
                0x080060f0                Default_Handler
                0x080060f0                EXTI15_10_IRQHandler
                0x080060f0                ADC_IRQHandler
                0x080060f0                DMA1_Stream7_IRQHandler
                0x080060f0                TIM7_IRQHandler
                0x080060f0                CAN2_TX_IRQHandler
                0x080060f0                TIM5_IRQHandler
                0x080060f0                DMA2_Stream7_IRQHandler
                0x080060f0                I2C3_EV_IRQHandler
                0x080060f0                EXTI9_5_IRQHandler
                0x080060f0                RTC_WKUP_IRQHandler
                0x080060f0                ETH_WKUP_IRQHandler
                0x080060f0                SPI2_IRQHandler
                0x080060f0                OTG_HS_EP1_IN_IRQHandler
                0x080060f0                DMA1_Stream0_IRQHandler
                0x080060f0                CAN1_TX_IRQHandler
                0x080060f0                EXTI4_IRQHandler
                0x080060f0                FSMC_IRQHandler
                0x080060f0                ETH_IRQHandler
                0x080060f0                OTG_HS_EP1_OUT_IRQHandler
                0x080060f0                WWDG_IRQHandler
                0x080060f0                TIM2_IRQHandler
                0x080060f0                OTG_FS_WKUP_IRQHandler
                0x080060f0                TIM1_TRG_COM_TIM11_IRQHandler
                0x080060f0                OTG_HS_IRQHandler
                0x080060f0                EXTI1_IRQHandler
                0x080060f0                I2C2_ER_IRQHandler
                0x080060f0                DMA2_Stream1_IRQHandler
                0x080060f0                CAN1_SCE_IRQHandler
                0x080060f0                FLASH_IRQHandler
                0x080060f0                DMA2_Stream4_IRQHandler
                0x080060f0                SPI3_IRQHandler
                0x080060f0                DMA1_Stream4_IRQHandler
                0x080060f0                I2C1_ER_IRQHandler
                0x080060f0                DMA2_Stream6_IRQHandler
                0x080060f0                DMA1_Stream3_IRQHandler
 .text.NMI_Handler
                0x080060f2        0xe src\stm32f4xx_it.o
                0x080060f2                NMI_Handler
 .text.HardFault_Handler
                0x08006100        0x6 src\stm32f4xx_it.o
                0x08006100                HardFault_Handler
 .text.MemManage_Handler
                0x08006106        0x6 src\stm32f4xx_it.o
                0x08006106                MemManage_Handler
 .text.BusFault_Handler
                0x0800610c        0x6 src\stm32f4xx_it.o
                0x0800610c                BusFault_Handler
 .text.UsageFault_Handler
                0x08006112        0x6 src\stm32f4xx_it.o
                0x08006112                UsageFault_Handler
 .text.SVC_Handler
                0x08006118        0xe src\stm32f4xx_it.o
                0x08006118                SVC_Handler
 .text.DebugMon_Handler
                0x08006126        0xe src\stm32f4xx_it.o
                0x08006126                DebugMon_Handler
 .text.PendSV_Handler
                0x08006134        0xe src\stm32f4xx_it.o
                0x08006134                PendSV_Handler
 *fill*         0x08006142        0x2 
 .text.SystemInit
                0x08006144       0x6c src\system_stm32f4xx.o
                0x08006144                SystemInit
 .text.SetSysClock
                0x080061b0       0xf8 src\system_stm32f4xx.o
 .text.__libc_init_array
                0x080062a8       0x48 c:/program files (x86)/atollic/truestudio for arm 8.1.0/armtools/bin/../lib/gcc/arm-atollic-eabi/6.3.1/../../../../arm-atollic-eabi/lib/armv7e-m/fpu\libc_nano.a(lib_a-init.o)
                0x080062a8                __libc_init_array
 *(.glue_7)
 .glue_7        0x080062f0        0x0 linker stubs
 *(.glue_7t)
 .glue_7t       0x080062f0        0x0 linker stubs
 *(.eh_frame)
 .eh_frame      0x080062f0        0x0 c:/program files (x86)/atollic/truestudio for arm 8.1.0/armtools/bin/../lib/gcc/arm-atollic-eabi/6.3.1/armv7e-m/fpu/crtbegin.o
 *(.init)
 .init          0x080062f0        0x4 c:/program files (x86)/atollic/truestudio for arm 8.1.0/armtools/bin/../lib/gcc/arm-atollic-eabi/6.3.1/armv7e-m/fpu/crti.o
                0x080062f0                _init
 .init          0x080062f4        0x8 c:/program files (x86)/atollic/truestudio for arm 8.1.0/armtools/bin/../lib/gcc/arm-atollic-eabi/6.3.1/armv7e-m/fpu/crtn.o
 *(.fini)
 .fini          0x080062fc        0x4 c:/program files (x86)/atollic/truestudio for arm 8.1.0/armtools/bin/../lib/gcc/arm-atollic-eabi/6.3.1/armv7e-m/fpu/crti.o
                0x080062fc                _fini
 .fini          0x08006300        0x8 c:/program files (x86)/atollic/truestudio for arm 8.1.0/armtools/bin/../lib/gcc/arm-atollic-eabi/6.3.1/armv7e-m/fpu/crtn.o
                0x08006308                . = ALIGN (0x4)
                0x08006308                _etext = .

.vfp11_veneer   0x08006308        0x0
 .vfp11_veneer  0x08006308        0x0 linker stubs

.v4_bx          0x08006308        0x0
 .v4_bx         0x08006308        0x0 linker stubs

.iplt           0x08006308        0x0
 .iplt          0x08006308        0x0 c:/program files (x86)/atollic/truestudio for arm 8.1.0/armtools/bin/../lib/gcc/arm-atollic-eabi/6.3.1/armv7e-m/fpu/crtbegin.o

.rodata         0x08006308      0x1f4
                0x08006308                . = ALIGN (0x4)
 *(.rodata)
 .rodata        0x08006308        0x4 USB_HID_HOST\usbh_core.o
 *(.rodata*)
 .rodata.HID_KEYBRD_Codes
                0x0800630c       0xe8 USB_HID_HOST\usbh_hid_keybd.o
 .rodata.HID_KEYBRD_Key
                0x080063f4       0x82 USB_HID_HOST\usbh_hid_keybd.o
 *fill*         0x08006476        0x2 
 .rodata.HID_KEYBRD_ShiftKey
                0x08006478       0x82 USB_HID_HOST\usbh_hid_keybd.o
                0x080064fc                . = ALIGN (0x4)
 *fill*         0x080064fa        0x2 

.rel.dyn        0x080064fc        0x0
 .rel.iplt      0x080064fc        0x0 c:/program files (x86)/atollic/truestudio for arm 8.1.0/armtools/bin/../lib/gcc/arm-atollic-eabi/6.3.1/armv7e-m/fpu/crtbegin.o

.ARM.extab
 *(.ARM.extab* .gnu.linkonce.armextab.*)

.ARM            0x080064fc        0x0
                0x080064fc                __exidx_start = .
 *(.ARM.exidx*)
                0x080064fc                __exidx_end = .

.preinit_array  0x080064fc        0x0
                0x080064fc                PROVIDE (__preinit_array_start, .)
 *(.preinit_array*)
                0x080064fc                PROVIDE (__preinit_array_end, .)

.init_array     0x080064fc        0x4
                0x080064fc                PROVIDE (__init_array_start, .)
 *(SORT(.init_array.*))
 *(.init_array*)
 .init_array    0x080064fc        0x4 c:/program files (x86)/atollic/truestudio for arm 8.1.0/armtools/bin/../lib/gcc/arm-atollic-eabi/6.3.1/armv7e-m/fpu/crtbegin.o
                0x08006500                PROVIDE (__init_array_end, .)

.fini_array     0x08006500        0x4
                [!provide]                PROVIDE (__fini_array_start, .)
 *(SORT(.fini_array.*))
 *(.fini_array*)
 .fini_array    0x08006500        0x4 c:/program files (x86)/atollic/truestudio for arm 8.1.0/armtools/bin/../lib/gcc/arm-atollic-eabi/6.3.1/armv7e-m/fpu/crtbegin.o
                [!provide]                PROVIDE (__fini_array_end, .)
                0x08006504                _sidata = LOADADDR (.data)

.data           0x20000000       0xf0 load address 0x08006504
                0x20000000                . = ALIGN (0x4)
                0x20000000                _sdata = .
 *(.data)
 *(.data*)
 .data.APBAHBPrescTable
                0x20000000       0x10 Libraries\STM32F4xx_StdPeriph_Driver\src\stm32f4xx_rcc.o
 .data.TM_USART1
                0x20000010       0x10 TM\tm_stm32f4_usart.o
                0x20000010                TM_USART1
 .data.TM_USART2
                0x20000020       0x10 TM\tm_stm32f4_usart.o
                0x20000020                TM_USART2
 .data.TM_USART3
                0x20000030       0x10 TM\tm_stm32f4_usart.o
                0x20000030                TM_USART3
 .data.TM_UART4
                0x20000040       0x10 TM\tm_stm32f4_usart.o
                0x20000040                TM_UART4
 .data.TM_UART5
                0x20000050       0x10 TM\tm_stm32f4_usart.o
                0x20000050                TM_UART5
 .data.TM_USART6
                0x20000060       0x10 TM\tm_stm32f4_usart.o
                0x20000060                TM_USART6
 .data.USBH_HCD_INT_cb
                0x20000070        0xc USB_HID_HOST\usbh_core.o
                0x20000070                USBH_HCD_INT_cb
 .data.USBH_HCD_INT_fops
                0x2000007c        0x4 USB_HID_HOST\usbh_core.o
                0x2000007c                USBH_HCD_INT_fops
 .data.HID_cb   0x20000080       0x10 USB_HID_HOST\usbh_hid_core.o
                0x20000080                HID_cb
 .data.HID_KEYBRD_cb
                0x20000090        0x8 USB_HID_HOST\usbh_hid_keybd.o
                0x20000090                HID_KEYBRD_cb
 .data.HID_MOUSE_cb
                0x20000098        0x8 USB_HID_HOST\usbh_hid_mouse.o
                0x20000098                HID_MOUSE_cb
 .data.USR_Callbacks
                0x200000a0       0x48 USB_HID_HOST\usbh_usr.o
                0x200000a0                USR_Callbacks
 .data.firstInit.11123
                0x200000e8        0x1 USB_HID_HOST\usbh_usr.o
 *fill*         0x200000e9        0x3 
 .data.SystemCoreClock
                0x200000ec        0x4 src\system_stm32f4xx.o
                0x200000ec                SystemCoreClock
                0x200000f0                . = ALIGN (0x4)
                0x200000f0                _edata = .
                0x080065f4                _siccmram = LOADADDR (.ccmram)

.igot.plt       0x200000f0        0x0 load address 0x080065f4
 .igot.plt      0x200000f0        0x0 c:/program files (x86)/atollic/truestudio for arm 8.1.0/armtools/bin/../lib/gcc/arm-atollic-eabi/6.3.1/armv7e-m/fpu/crtbegin.o

.ccmram         0x10000000        0x0 load address 0x080065f4
                0x10000000                . = ALIGN (0x4)
                0x10000000                _sccmram = .
 *(.ccmram)
 *(.ccmram*)
                0x10000000                . = ALIGN (0x4)
                0x10000000                _eccmram = .
                0x10000000                . = ALIGN (0x4)

.bss            0x200000f0      0xa40
                0x200000f0                _sbss = .
                0x200000f0                __bss_start__ = _sbss
 *(.bss)
 .bss           0x200000f0       0x1c c:/program files (x86)/atollic/truestudio for arm 8.1.0/armtools/bin/../lib/gcc/arm-atollic-eabi/6.3.1/armv7e-m/fpu/crtbegin.o
 *(.bss*)
 .bss.TM_Time   0x2000010c        0x4 TM\tm_stm32f4_delay.o
                0x2000010c                TM_Time
 .bss.TM_Time2  0x20000110        0x4 TM\tm_stm32f4_delay.o
                0x20000110                TM_Time2
 .bss.TM_DELAY_Initialized
                0x20000114        0x1 TM\tm_stm32f4_delay.o
                0x20000114                TM_DELAY_Initialized
 *fill*         0x20000115        0x3 
 .bss.CustomTimers
                0x20000118       0x18 TM\tm_stm32f4_delay.o
 .bss.GPIO_UsedPins
                0x20000130       0x16 TM\tm_stm32f4_gpio.o
 .bss.TM_USB_HIDHOST_Initialized
                0x20000146        0x1 TM\tm_stm32f4_usb_hid_host.o
                0x20000146                TM_USB_HIDHOST_Initialized
 *fill*         0x20000147        0x1 
 .bss.timeout.10026
                0x20000148        0x2 USB_HID_HOST\usbh_core.o
 .bss.start_toggle
                0x2000014a        0x1 USB_HID_HOST\usbh_hid_core.o
                0x2000014a                start_toggle
 .bss.nbr_keys.10023
                0x2000014b        0x1 USB_HID_HOST\usbh_hid_keybd.o
 .bss.nbr_keys_new.10024
                0x2000014c        0x1 USB_HID_HOST\usbh_hid_keybd.o
 .bss.nbr_keys_last.10025
                0x2000014d        0x1 USB_HID_HOST\usbh_hid_keybd.o
 .bss.key_newest.10022
                0x2000014e        0x1 USB_HID_HOST\usbh_hid_keybd.o
 .bss.shift.10018
                0x2000014f        0x1 USB_HID_HOST\usbh_hid_keybd.o
 .bss.keys.10019
                0x20000150        0x6 USB_HID_HOST\usbh_hid_keybd.o
 *fill*         0x20000156        0x2 
 .bss.keys_last.10021
                0x20000158        0x6 USB_HID_HOST\usbh_hid_keybd.o
 *fill*         0x2000015e        0x2 
 .bss.keys_new.10020
                0x20000160        0x6 USB_HID_HOST\usbh_hid_keybd.o
 .bss.prev_itf.9989
                0x20000166        0x1 USB_HID_HOST\usbh_stdreq.o
 *fill*         0x20000167        0x1 
 .bss.prev_ep_size.9988
                0x20000168        0x2 USB_HID_HOST\usbh_stdreq.o
 *fill*         0x2000016a        0x2 
 .bss.mouseButtons.11127
                0x2000016c        0x3 USB_HID_HOST\usbh_usr.o
 *(COMMON)
 *fill*         0x2000016f        0x1 
 COMMON         0x20000170        0x4 TM\tm_stm32f4_delay.o
                0x20000170                mult
 COMMON         0x20000174       0xc0 TM\tm_stm32f4_usart.o
                0x20000174                TM_UART5_Buffer
                0x20000194                TM_USART6_Buffer
                0x200001b4                TM_USART3_Buffer
                0x200001d4                TM_USART2_Buffer
                0x200001f4                TM_USART1_Buffer
                0x20000214                TM_UART4_Buffer
 COMMON         0x20000234      0x634 USB_HID_HOST\usb_bsp.o
                0x20000234                HSEStartUpStatus
                0x20000238                USB_OTG_Core
                0x200007e4                USB_Host
 COMMON         0x20000868       0xb0 USB_HID_HOST\usbh_hid_core.o
                0x20000868                HID_Report
                0x200008b0                HID_Machine
                0x20000904                HID_Desc
                0x20000910                HID_Setup
 COMMON         0x20000918        0x4 USB_HID_HOST\usbh_hid_mouse.o
                0x20000918                HID_MOUSE_Data
 COMMON         0x2000091c      0x200 USB_HID_HOST\usbh_stdreq.o
                0x2000091c                USBH_CfgDesc
 COMMON         0x20000b1c       0x14 USB_HID_HOST\usbh_usr.o
                0x20000b1c                TM_USB_HIDHOST_INT_Result
                0x20000b20                TM_USB_HIDHOST_INT_Keyboard
                0x20000b24                TM_USB_HIDHOST_INT_Mouse
                0x20000b30                . = ALIGN (0x4)
                0x20000b30                _ebss = .
                0x20000b30                __bss_end__ = _ebss

._user_heap_stack
                0x20000b30      0x400
                0x20000b30                . = ALIGN (0x4)
                0x20000b30                PROVIDE (end, .)
                [!provide]                PROVIDE (_end, .)
                0x20000b30                . = (. + _Min_Heap_Size)
                0x20000f30                . = (. + _Min_Stack_Size)
 *fill*         0x20000b30      0x400 
                0x20000f30                . = ALIGN (0x4)

.memory_b1_text
 *(.mb1text)
 *(.mb1text*)
 *(.mb1rodata)
 *(.mb1rodata*)

/DISCARD/
 libc.a(*)
 libm.a(*)
 libgcc.a(*)

.ARM.attributes
                0x00000000       0x30
 *(.ARM.attributes)
 .ARM.attributes
                0x00000000       0x22 c:/program files (x86)/atollic/truestudio for arm 8.1.0/armtools/bin/../lib/gcc/arm-atollic-eabi/6.3.1/armv7e-m/fpu/crti.o
 .ARM.attributes
                0x00000022       0x34 c:/program files (x86)/atollic/truestudio for arm 8.1.0/armtools/bin/../lib/gcc/arm-atollic-eabi/6.3.1/armv7e-m/fpu/crtbegin.o
 .ARM.attributes
                0x00000056       0x39 HC05_HID\HC05_HID.o
 .ARM.attributes
                0x0000008f       0x39 Libraries\STM32F4xx_StdPeriph_Driver\src\misc.o
 .ARM.attributes
                0x000000c8       0x39 Libraries\STM32F4xx_StdPeriph_Driver\src\stm32f4xx_gpio.o
 .ARM.attributes
                0x00000101       0x39 Libraries\STM32F4xx_StdPeriph_Driver\src\stm32f4xx_rcc.o
 .ARM.attributes
                0x0000013a       0x39 Libraries\STM32F4xx_StdPeriph_Driver\src\stm32f4xx_usart.o
 .ARM.attributes
                0x00000173       0x39 TM\tm_stm32f4_delay.o
 .ARM.attributes
                0x000001ac       0x39 TM\tm_stm32f4_disco.o
 .ARM.attributes
                0x000001e5       0x39 TM\tm_stm32f4_gpio.o
 .ARM.attributes
                0x0000021e       0x39 TM\tm_stm32f4_usart.o
 .ARM.attributes
                0x00000257       0x39 TM\tm_stm32f4_usb_hid_host.o
 .ARM.attributes
                0x00000290       0x39 USB_HID_HOST\usb_bsp.o
 .ARM.attributes
                0x000002c9       0x39 USB_HID_HOST\usb_core.o
 .ARM.attributes
                0x00000302       0x39 USB_HID_HOST\usb_hcd.o
 .ARM.attributes
                0x0000033b       0x39 USB_HID_HOST\usb_hcd_int.o
 .ARM.attributes
                0x00000374       0x39 USB_HID_HOST\usbh_core.o
 .ARM.attributes
                0x000003ad       0x39 USB_HID_HOST\usbh_hcs.o
 .ARM.attributes
                0x000003e6       0x39 USB_HID_HOST\usbh_hid_core.o
 .ARM.attributes
                0x0000041f       0x39 USB_HID_HOST\usbh_hid_keybd.o
 .ARM.attributes
                0x00000458       0x39 USB_HID_HOST\usbh_hid_mouse.o
 .ARM.attributes
                0x00000491       0x39 USB_HID_HOST\usbh_ioreq.o
 .ARM.attributes
                0x000004ca       0x39 USB_HID_HOST\usbh_stdreq.o
 .ARM.attributes
                0x00000503       0x39 USB_HID_HOST\usbh_usr.o
 .ARM.attributes
                0x0000053c       0x39 src\main.o
 .ARM.attributes
                0x00000575       0x21 src\startup_stm32f40xx.o
 .ARM.attributes
                0x00000596       0x39 src\stm32f4xx_it.o
 .ARM.attributes
                0x000005cf       0x39 src\system_stm32f4xx.o
 .ARM.attributes
                0x00000608       0x34 c:/program files (x86)/atollic/truestudio for arm 8.1.0/armtools/bin/../lib/gcc/arm-atollic-eabi/6.3.1/../../../../arm-atollic-eabi/lib/armv7e-m/fpu\libc_nano.a(lib_a-init.o)
 .ARM.attributes
                0x0000063c       0x22 c:/program files (x86)/atollic/truestudio for arm 8.1.0/armtools/bin/../lib/gcc/arm-atollic-eabi/6.3.1/armv7e-m/fpu/crtn.o
OUTPUT(HID_USB_Hub.elf elf32-littlearm)

.debug_info     0x00000000    0x18130
 .debug_info    0x00000000      0x28d HC05_HID\HC05_HID.o
 .debug_info    0x0000028d      0x54d Libraries\STM32F4xx_StdPeriph_Driver\src\misc.o
 .debug_info    0x000007da      0x628 Libraries\STM32F4xx_StdPeriph_Driver\src\stm32f4xx_gpio.o
 .debug_info    0x00000e02      0xc98 Libraries\STM32F4xx_StdPeriph_Driver\src\stm32f4xx_rcc.o
 .debug_info    0x00001a9a      0x9d5 Libraries\STM32F4xx_StdPeriph_Driver\src\stm32f4xx_usart.o
 .debug_info    0x0000246f     0x123d TM\tm_stm32f4_delay.o
 .debug_info    0x000036ac      0x282 TM\tm_stm32f4_disco.o
 .debug_info    0x0000392e      0x848 TM\tm_stm32f4_gpio.o
 .debug_info    0x00004176      0xf40 TM\tm_stm32f4_usart.o
 .debug_info    0x000050b6     0x1bfb TM\tm_stm32f4_usb_hid_host.o
 .debug_info    0x00006cb1     0x1821 USB_HID_HOST\usb_bsp.o
 .debug_info    0x000084d2     0x1f10 USB_HID_HOST\usb_core.o
 .debug_info    0x0000a3e2      0xc31 USB_HID_HOST\usb_hcd.o
 .debug_info    0x0000b013     0x1d3f USB_HID_HOST\usb_hcd_int.o
 .debug_info    0x0000cd52     0x14de USB_HID_HOST\usbh_core.o
 .debug_info    0x0000e230      0xade USB_HID_HOST\usbh_hcs.o
 .debug_info    0x0000ed0e     0x189b USB_HID_HOST\usbh_hid_core.o
 .debug_info    0x000105a9      0xb9b USB_HID_HOST\usbh_hid_keybd.o
 .debug_info    0x00011144      0xaaa USB_HID_HOST\usbh_hid_mouse.o
 .debug_info    0x00011bee     0x155f USB_HID_HOST\usbh_ioreq.o
 .debug_info    0x0001314d     0x177a USB_HID_HOST\usbh_stdreq.o
 .debug_info    0x000148c7     0x195e USB_HID_HOST\usbh_usr.o
 .debug_info    0x00016225     0x1778 src\main.o
 .debug_info    0x0001799d       0x70 src\startup_stm32f40xx.o
 .debug_info    0x00017a0d      0x143 src\stm32f4xx_it.o
 .debug_info    0x00017b50      0x5e0 src\system_stm32f4xx.o

.debug_abbrev   0x00000000     0x338e
 .debug_abbrev  0x00000000      0x13f HC05_HID\HC05_HID.o
 .debug_abbrev  0x0000013f      0x172 Libraries\STM32F4xx_StdPeriph_Driver\src\misc.o
 .debug_abbrev  0x000002b1      0x1b8 Libraries\STM32F4xx_StdPeriph_Driver\src\stm32f4xx_gpio.o
 .debug_abbrev  0x00000469      0x1f8 Libraries\STM32F4xx_StdPeriph_Driver\src\stm32f4xx_rcc.o
 .debug_abbrev  0x00000661      0x182 Libraries\STM32F4xx_StdPeriph_Driver\src\stm32f4xx_usart.o
 .debug_abbrev  0x000007e3      0x34f TM\tm_stm32f4_delay.o
 .debug_abbrev  0x00000b32      0x103 TM\tm_stm32f4_disco.o
 .debug_abbrev  0x00000c35      0x17c TM\tm_stm32f4_gpio.o
 .debug_abbrev  0x00000db1      0x286 TM\tm_stm32f4_usart.o
 .debug_abbrev  0x00001037      0x26a TM\tm_stm32f4_usb_hid_host.o
 .debug_abbrev  0x000012a1      0x2be USB_HID_HOST\usb_bsp.o
 .debug_abbrev  0x0000155f      0x2d2 USB_HID_HOST\usb_core.o
 .debug_abbrev  0x00001831      0x1fc USB_HID_HOST\usb_hcd.o
 .debug_abbrev  0x00001a2d      0x289 USB_HID_HOST\usb_hcd_int.o
 .debug_abbrev  0x00001cb6      0x2cc USB_HID_HOST\usbh_core.o
 .debug_abbrev  0x00001f82      0x1e7 USB_HID_HOST\usbh_hcs.o
 .debug_abbrev  0x00002169      0x2bb USB_HID_HOST\usbh_hid_core.o
 .debug_abbrev  0x00002424      0x1d7 USB_HID_HOST\usbh_hid_keybd.o
 .debug_abbrev  0x000025fb      0x1b2 USB_HID_HOST\usbh_hid_mouse.o
 .debug_abbrev  0x000027ad      0x251 USB_HID_HOST\usbh_ioreq.o
 .debug_abbrev  0x000029fe      0x2ca USB_HID_HOST\usbh_stdreq.o
 .debug_abbrev  0x00002cc8      0x280 USB_HID_HOST\usbh_usr.o
 .debug_abbrev  0x00002f48      0x264 src\main.o
 .debug_abbrev  0x000031ac       0x12 src\startup_stm32f40xx.o
 .debug_abbrev  0x000031be       0x78 src\stm32f4xx_it.o
 .debug_abbrev  0x00003236      0x158 src\system_stm32f4xx.o

.debug_aranges  0x00000000      0xc20
 .debug_aranges
                0x00000000       0x38 HC05_HID\HC05_HID.o
 .debug_aranges
                0x00000038       0x40 Libraries\STM32F4xx_StdPeriph_Driver\src\misc.o
 .debug_aranges
                0x00000078       0x88 Libraries\STM32F4xx_StdPeriph_Driver\src\stm32f4xx_gpio.o
 .debug_aranges
                0x00000100      0x180 Libraries\STM32F4xx_StdPeriph_Driver\src\stm32f4xx_rcc.o
 .debug_aranges
                0x00000280      0x100 Libraries\STM32F4xx_StdPeriph_Driver\src\stm32f4xx_usart.o
 .debug_aranges
                0x00000380       0x80 TM\tm_stm32f4_delay.o
 .debug_aranges
                0x00000400       0x38 TM\tm_stm32f4_disco.o
 .debug_aranges
                0x00000438       0x98 TM\tm_stm32f4_gpio.o
 .debug_aranges
                0x000004d0       0xf8 TM\tm_stm32f4_usart.o
 .debug_aranges
                0x000005c8       0x40 TM\tm_stm32f4_usb_hid_host.o
 .debug_aranges
                0x00000608       0x50 USB_HID_HOST\usb_bsp.o
 .debug_aranges
                0x00000658      0x100 USB_HID_HOST\usb_core.o
 .debug_aranges
                0x00000758       0x68 USB_HID_HOST\usb_hcd.o
 .debug_aranges
                0x000007c0       0x70 USB_HID_HOST\usb_hcd_int.o
 .debug_aranges
                0x00000830       0x60 USB_HID_HOST\usbh_core.o
 .debug_aranges
                0x00000890       0x48 USB_HID_HOST\usbh_hcs.o
 .debug_aranges
                0x000008d8       0x68 USB_HID_HOST\usbh_hid_core.o
 .debug_aranges
                0x00000940       0x28 USB_HID_HOST\usbh_hid_keybd.o
 .debug_aranges
                0x00000968       0x28 USB_HID_HOST\usbh_hid_mouse.o
 .debug_aranges
                0x00000990       0x70 USB_HID_HOST\usbh_ioreq.o
 .debug_aranges
                0x00000a00       0x88 USB_HID_HOST\usbh_stdreq.o
 .debug_aranges
                0x00000a88       0xc0 USB_HID_HOST\usbh_usr.o
 .debug_aranges
                0x00000b48       0x28 src\main.o
 .debug_aranges
                0x00000b70       0x28 src\startup_stm32f40xx.o
 .debug_aranges
                0x00000b98       0x58 src\stm32f4xx_it.o
 .debug_aranges
                0x00000bf0       0x30 src\system_stm32f4xx.o

.debug_ranges   0x00000000      0xa88
 .debug_ranges  0x00000000       0x28 HC05_HID\HC05_HID.o
 .debug_ranges  0x00000028       0x30 Libraries\STM32F4xx_StdPeriph_Driver\src\misc.o
 .debug_ranges  0x00000058       0x78 Libraries\STM32F4xx_StdPeriph_Driver\src\stm32f4xx_gpio.o
 .debug_ranges  0x000000d0      0x170 Libraries\STM32F4xx_StdPeriph_Driver\src\stm32f4xx_rcc.o
 .debug_ranges  0x00000240       0xf0 Libraries\STM32F4xx_StdPeriph_Driver\src\stm32f4xx_usart.o
 .debug_ranges  0x00000330       0x70 TM\tm_stm32f4_delay.o
 .debug_ranges  0x000003a0       0x28 TM\tm_stm32f4_disco.o
 .debug_ranges  0x000003c8       0x88 TM\tm_stm32f4_gpio.o
 .debug_ranges  0x00000450       0xe8 TM\tm_stm32f4_usart.o
 .debug_ranges  0x00000538       0x30 TM\tm_stm32f4_usb_hid_host.o
 .debug_ranges  0x00000568       0x40 USB_HID_HOST\usb_bsp.o
 .debug_ranges  0x000005a8       0xf0 USB_HID_HOST\usb_core.o
 .debug_ranges  0x00000698       0x58 USB_HID_HOST\usb_hcd.o
 .debug_ranges  0x000006f0       0x60 USB_HID_HOST\usb_hcd_int.o
 .debug_ranges  0x00000750       0x50 USB_HID_HOST\usbh_core.o
 .debug_ranges  0x000007a0       0x38 USB_HID_HOST\usbh_hcs.o
 .debug_ranges  0x000007d8       0x58 USB_HID_HOST\usbh_hid_core.o
 .debug_ranges  0x00000830       0x18 USB_HID_HOST\usbh_hid_keybd.o
 .debug_ranges  0x00000848       0x18 USB_HID_HOST\usbh_hid_mouse.o
 .debug_ranges  0x00000860       0x60 USB_HID_HOST\usbh_ioreq.o
 .debug_ranges  0x000008c0       0x78 USB_HID_HOST\usbh_stdreq.o
 .debug_ranges  0x00000938       0xb0 USB_HID_HOST\usbh_usr.o
 .debug_ranges  0x000009e8       0x18 src\main.o
 .debug_ranges  0x00000a00       0x20 src\startup_stm32f40xx.o
 .debug_ranges  0x00000a20       0x48 src\stm32f4xx_it.o
 .debug_ranges  0x00000a68       0x20 src\system_stm32f4xx.o

.debug_line     0x00000000     0x5672
 .debug_line    0x00000000      0x245 HC05_HID\HC05_HID.o
 .debug_line    0x00000245      0x24f Libraries\STM32F4xx_StdPeriph_Driver\src\misc.o
 .debug_line    0x00000494      0x371 Libraries\STM32F4xx_StdPeriph_Driver\src\stm32f4xx_gpio.o
 .debug_line    0x00000805      0x5c9 Libraries\STM32F4xx_StdPeriph_Driver\src\stm32f4xx_rcc.o
 .debug_line    0x00000dce      0x4db Libraries\STM32F4xx_StdPeriph_Driver\src\stm32f4xx_usart.o
 .debug_line    0x000012a9      0x44b TM\tm_stm32f4_delay.o
 .debug_line    0x000016f4      0x1f2 TM\tm_stm32f4_disco.o
 .debug_line    0x000018e6      0x371 TM\tm_stm32f4_gpio.o
 .debug_line    0x00001c57      0x51a TM\tm_stm32f4_usart.o
 .debug_line    0x00002171      0x35c TM\tm_stm32f4_usb_hid_host.o
 .debug_line    0x000024cd      0x2e8 USB_HID_HOST\usb_bsp.o
 .debug_line    0x000027b5      0x605 USB_HID_HOST\usb_core.o
 .debug_line    0x00002dba      0x28a USB_HID_HOST\usb_hcd.o
 .debug_line    0x00003044      0x425 USB_HID_HOST\usb_hcd_int.o
 .debug_line    0x00003469      0x401 USB_HID_HOST\usbh_core.o
 .debug_line    0x0000386a      0x262 USB_HID_HOST\usbh_hcs.o
 .debug_line    0x00003acc      0x378 USB_HID_HOST\usbh_hid_core.o
 .debug_line    0x00003e44      0x282 USB_HID_HOST\usbh_hid_keybd.o
 .debug_line    0x000040c6      0x212 USB_HID_HOST\usbh_hid_mouse.o
 .debug_line    0x000042d8      0x2e1 USB_HID_HOST\usbh_ioreq.o
 .debug_line    0x000045b9      0x381 USB_HID_HOST\usbh_stdreq.o
 .debug_line    0x0000493a      0x48f USB_HID_HOST\usbh_usr.o
 .debug_line    0x00004dc9      0x3ff src\main.o
 .debug_line    0x000051c8       0x7a src\startup_stm32f40xx.o
 .debug_line    0x00005242      0x212 src\stm32f4xx_it.o
 .debug_line    0x00005454      0x21e src\system_stm32f4xx.o

.debug_str      0x00000000     0x4f77
 .debug_str     0x00000000      0x2c2 HC05_HID\HC05_HID.o
                                0x31d (size before relaxing)
 .debug_str     0x000002c2      0x241 Libraries\STM32F4xx_StdPeriph_Driver\src\misc.o
                                0x44c (size before relaxing)
 .debug_str     0x00000503      0x291 Libraries\STM32F4xx_StdPeriph_Driver\src\stm32f4xx_gpio.o
                                0x521 (size before relaxing)
 .debug_str     0x00000794      0x652 Libraries\STM32F4xx_StdPeriph_Driver\src\stm32f4xx_rcc.o
                                0x8f7 (size before relaxing)
 .debug_str     0x00000de6      0x405 Libraries\STM32F4xx_StdPeriph_Driver\src\stm32f4xx_usart.o
                                0x70d (size before relaxing)
 .debug_str     0x000011eb      0xaf7 TM\tm_stm32f4_delay.o
                                0xe43 (size before relaxing)
 .debug_str     0x00001ce2      0x172 TM\tm_stm32f4_disco.o
                                0x398 (size before relaxing)
 .debug_str     0x00001e54      0x1b8 TM\tm_stm32f4_gpio.o
                                0x60a (size before relaxing)
 .debug_str     0x0000200c      0x40b TM\tm_stm32f4_usart.o
                                0xec7 (size before relaxing)
 .debug_str     0x00002417     0x1091 TM\tm_stm32f4_usb_hid_host.o
                               0x1850 (size before relaxing)
 .debug_str     0x000034a8      0x14d USB_HID_HOST\usb_bsp.o
                               0x197b (size before relaxing)
 .debug_str     0x000035f5      0x9a1 USB_HID_HOST\usb_core.o
                               0x12b7 (size before relaxing)
 .debug_str     0x00003f96       0xc3 USB_HID_HOST\usb_hcd.o
                                0x904 (size before relaxing)
 .debug_str     0x00004059      0x260 USB_HID_HOST\usb_hcd_int.o
                                0xf0b (size before relaxing)
 .debug_str     0x000042b9       0xdf USB_HID_HOST\usbh_core.o
                               0x125e (size before relaxing)
 .debug_str     0x00004398       0xa9 USB_HID_HOST\usbh_hcs.o
                                0x867 (size before relaxing)
 .debug_str     0x00004441      0x38b USB_HID_HOST\usbh_hid_core.o
                               0x14b0 (size before relaxing)
 .debug_str     0x000047cc       0x9e USB_HID_HOST\usbh_hid_keybd.o
                                0x916 (size before relaxing)
 .debug_str     0x0000486a       0x2e USB_HID_HOST\usbh_hid_mouse.o
                                0x8b2 (size before relaxing)
 .debug_str     0x00004898       0xf7 USB_HID_HOST\usbh_ioreq.o
                               0x11d6 (size before relaxing)
 .debug_str     0x0000498f      0x202 USB_HID_HOST\usbh_stdreq.o
                               0x1309 (size before relaxing)
 .debug_str     0x00004b91      0x27a USB_HID_HOST\usbh_usr.o
                               0x1483 (size before relaxing)
 .debug_str     0x00004e0b       0x47 src\main.o
                               0x11d3 (size before relaxing)
 .debug_str     0x00004e52       0x96 src\stm32f4xx_it.o
                                0x25d (size before relaxing)
 .debug_str     0x00004ee8       0x8f src\system_stm32f4xx.o
                                0x400 (size before relaxing)

.comment        0x00000000       0x7c
 .comment       0x00000000       0x7c HC05_HID\HC05_HID.o
                                 0x7d (size before relaxing)
 .comment       0x0000007c       0x7d Libraries\STM32F4xx_StdPeriph_Driver\src\misc.o
 .comment       0x0000007c       0x7d Libraries\STM32F4xx_StdPeriph_Driver\src\stm32f4xx_gpio.o
 .comment       0x0000007c       0x7d Libraries\STM32F4xx_StdPeriph_Driver\src\stm32f4xx_rcc.o
 .comment       0x0000007c       0x7d Libraries\STM32F4xx_StdPeriph_Driver\src\stm32f4xx_usart.o
 .comment       0x0000007c       0x7d TM\tm_stm32f4_delay.o
 .comment       0x0000007c       0x7d TM\tm_stm32f4_disco.o
 .comment       0x0000007c       0x7d TM\tm_stm32f4_gpio.o
 .comment       0x0000007c       0x7d TM\tm_stm32f4_usart.o
 .comment       0x0000007c       0x7d TM\tm_stm32f4_usb_hid_host.o
 .comment       0x0000007c       0x7d USB_HID_HOST\usb_bsp.o
 .comment       0x0000007c       0x7d USB_HID_HOST\usb_core.o
 .comment       0x0000007c       0x7d USB_HID_HOST\usb_hcd.o
 .comment       0x0000007c       0x7d USB_HID_HOST\usb_hcd_int.o
 .comment       0x0000007c       0x7d USB_HID_HOST\usbh_core.o
 .comment       0x0000007c       0x7d USB_HID_HOST\usbh_hcs.o
 .comment       0x0000007c       0x7d USB_HID_HOST\usbh_hid_core.o
 .comment       0x0000007c       0x7d USB_HID_HOST\usbh_hid_keybd.o
 .comment       0x0000007c       0x7d USB_HID_HOST\usbh_hid_mouse.o
 .comment       0x0000007c       0x7d USB_HID_HOST\usbh_ioreq.o
 .comment       0x0000007c       0x7d USB_HID_HOST\usbh_stdreq.o
 .comment       0x0000007c       0x7d USB_HID_HOST\usbh_usr.o
 .comment       0x0000007c       0x7d src\main.o
 .comment       0x0000007c       0x7d src\stm32f4xx_it.o
 .comment       0x0000007c       0x7d src\system_stm32f4xx.o

.debug_frame    0x00000000     0x2ea8
 .debug_frame   0x00000000       0x9c HC05_HID\HC05_HID.o
 .debug_frame   0x0000009c       0xd8 Libraries\STM32F4xx_StdPeriph_Driver\src\misc.o
 .debug_frame   0x00000174      0x23c Libraries\STM32F4xx_StdPeriph_Driver\src\stm32f4xx_gpio.o
 .debug_frame   0x000003b0      0x6fc Libraries\STM32F4xx_StdPeriph_Driver\src\stm32f4xx_rcc.o
 .debug_frame   0x00000aac      0x490 Libraries\STM32F4xx_StdPeriph_Driver\src\stm32f4xx_usart.o
 .debug_frame   0x00000f3c      0x1ec TM\tm_stm32f4_delay.o
 .debug_frame   0x00001128       0x98 TM\tm_stm32f4_disco.o
 .debug_frame   0x000011c0      0x274 TM\tm_stm32f4_gpio.o
 .debug_frame   0x00001434      0x3ec TM\tm_stm32f4_usart.o
 .debug_frame   0x00001820       0xc0 TM\tm_stm32f4_usb_hid_host.o
 .debug_frame   0x000018e0      0x108 USB_HID_HOST\usb_bsp.o
 .debug_frame   0x000019e8      0x468 USB_HID_HOST\usb_core.o
 .debug_frame   0x00001e50      0x190 USB_HID_HOST\usb_hcd.o
 .debug_frame   0x00001fe0      0x1a8 USB_HID_HOST\usb_hcd_int.o
 .debug_frame   0x00002188      0x16c USB_HID_HOST\usbh_core.o
 .debug_frame   0x000022f4       0xf4 USB_HID_HOST\usbh_hcs.o
 .debug_frame   0x000023e8      0x180 USB_HID_HOST\usbh_hid_core.o
 .debug_frame   0x00002568       0x50 USB_HID_HOST\usbh_hid_keybd.o
 .debug_frame   0x000025b8       0x50 USB_HID_HOST\usbh_hid_mouse.o
 .debug_frame   0x00002608      0x1a0 USB_HID_HOST\usbh_ioreq.o
 .debug_frame   0x000027a8      0x220 USB_HID_HOST\usbh_stdreq.o
 .debug_frame   0x000029c8      0x2f0 USB_HID_HOST\usbh_usr.o
 .debug_frame   0x00002cb8       0x58 src\main.o
 .debug_frame   0x00002d10       0xf0 src\stm32f4xx_it.o
 .debug_frame   0x00002e00       0x7c src\system_stm32f4xx.o
 .debug_frame   0x00002e7c       0x2c c:/program files (x86)/atollic/truestudio for arm 8.1.0/armtools/bin/../lib/gcc/arm-atollic-eabi/6.3.1/../../../../arm-atollic-eabi/lib/armv7e-m/fpu\libc_nano.a(lib_a-init.o)

.stabstr        0x00000000       0x3f
 .stabstr       0x00000000       0x3f c:/program files (x86)/atollic/truestudio for arm 8.1.0/armtools/bin/../lib/gcc/arm-atollic-eabi/6.3.1/../../../../arm-atollic-eabi/lib/armv7e-m/fpu\libnosys.a(write.o)

Cross Reference Table

Symbol                                            File
ADC_AnalogWatchdogCmd                             Libraries\STM32F4xx_StdPeriph_Driver\src\stm32f4xx_adc.o
ADC_AnalogWatchdogSingleChannelConfig             Libraries\STM32F4xx_StdPeriph_Driver\src\stm32f4xx_adc.o
ADC_AnalogWatchdogThresholdsConfig                Libraries\STM32F4xx_StdPeriph_Driver\src\stm32f4xx_adc.o
ADC_AutoInjectedConvCmd                           Libraries\STM32F4xx_StdPeriph_Driver\src\stm32f4xx_adc.o
ADC_ClearFlag                                     Libraries\STM32F4xx_StdPeriph_Driver\src\stm32f4xx_adc.o
ADC_ClearITPendingBit                             Libraries\STM32F4xx_StdPeriph_Driver\src\stm32f4xx_adc.o
ADC_Cmd                                           Libraries\STM32F4xx_StdPeriph_Driver\src\stm32f4xx_adc.o
ADC_CommonInit                                    Libraries\STM32F4xx_StdPeriph_Driver\src\stm32f4xx_adc.o
ADC_CommonStructInit                              Libraries\STM32F4xx_StdPeriph_Driver\src\stm32f4xx_adc.o
ADC_ContinuousModeCmd                             Libraries\STM32F4xx_StdPeriph_Driver\src\stm32f4xx_adc.o
ADC_DMACmd                                        Libraries\STM32F4xx_StdPeriph_Driver\src\stm32f4xx_adc.o
ADC_DMARequestAfterLastTransferCmd                Libraries\STM32F4xx_StdPeriph_Driver\src\stm32f4xx_adc.o
ADC_DeInit                                        Libraries\STM32F4xx_StdPeriph_Driver\src\stm32f4xx_adc.o
ADC_DiscModeChannelCountConfig                    Libraries\STM32F4xx_StdPeriph_Driver\src\stm32f4xx_adc.o
ADC_DiscModeCmd                                   Libraries\STM32F4xx_StdPeriph_Driver\src\stm32f4xx_adc.o
ADC_EOCOnEachRegularChannelCmd                    Libraries\STM32F4xx_StdPeriph_Driver\src\stm32f4xx_adc.o
ADC_ExternalTrigInjectedConvConfig                Libraries\STM32F4xx_StdPeriph_Driver\src\stm32f4xx_adc.o
ADC_ExternalTrigInjectedConvEdgeConfig            Libraries\STM32F4xx_StdPeriph_Driver\src\stm32f4xx_adc.o
ADC_GetConversionValue                            Libraries\STM32F4xx_StdPeriph_Driver\src\stm32f4xx_adc.o
ADC_GetFlagStatus                                 Libraries\STM32F4xx_StdPeriph_Driver\src\stm32f4xx_adc.o
ADC_GetITStatus                                   Libraries\STM32F4xx_StdPeriph_Driver\src\stm32f4xx_adc.o
ADC_GetInjectedConversionValue                    Libraries\STM32F4xx_StdPeriph_Driver\src\stm32f4xx_adc.o
ADC_GetMultiModeConversionValue                   Libraries\STM32F4xx_StdPeriph_Driver\src\stm32f4xx_adc.o
ADC_GetSoftwareStartConvStatus                    Libraries\STM32F4xx_StdPeriph_Driver\src\stm32f4xx_adc.o
ADC_GetSoftwareStartInjectedConvCmdStatus         Libraries\STM32F4xx_StdPeriph_Driver\src\stm32f4xx_adc.o
ADC_IRQHandler                                    src\startup_stm32f40xx.o
ADC_ITConfig                                      Libraries\STM32F4xx_StdPeriph_Driver\src\stm32f4xx_adc.o
ADC_Init                                          Libraries\STM32F4xx_StdPeriph_Driver\src\stm32f4xx_adc.o
ADC_InjectedChannelConfig                         Libraries\STM32F4xx_StdPeriph_Driver\src\stm32f4xx_adc.o
ADC_InjectedDiscModeCmd                           Libraries\STM32F4xx_StdPeriph_Driver\src\stm32f4xx_adc.o
ADC_InjectedSequencerLengthConfig                 Libraries\STM32F4xx_StdPeriph_Driver\src\stm32f4xx_adc.o
ADC_MultiModeDMARequestAfterLastTransferCmd       Libraries\STM32F4xx_StdPeriph_Driver\src\stm32f4xx_adc.o
ADC_RegularChannelConfig                          Libraries\STM32F4xx_StdPeriph_Driver\src\stm32f4xx_adc.o
ADC_SetInjectedOffset                             Libraries\STM32F4xx_StdPeriph_Driver\src\stm32f4xx_adc.o
ADC_SoftwareStartConv                             Libraries\STM32F4xx_StdPeriph_Driver\src\stm32f4xx_adc.o
ADC_SoftwareStartInjectedConv                     Libraries\STM32F4xx_StdPeriph_Driver\src\stm32f4xx_adc.o
ADC_StructInit                                    Libraries\STM32F4xx_StdPeriph_Driver\src\stm32f4xx_adc.o
ADC_TempSensorVrefintCmd                          Libraries\STM32F4xx_StdPeriph_Driver\src\stm32f4xx_adc.o
ADC_VBATCmd                                       Libraries\STM32F4xx_StdPeriph_Driver\src\stm32f4xx_adc.o
AHBPrescTable                                     src\system_stm32f4xx.o
BusFault_Handler                                  src\stm32f4xx_it.o
                                                  src\startup_stm32f40xx.o
CAN1_RX0_IRQHandler                               src\startup_stm32f40xx.o
CAN1_RX1_IRQHandler                               src\startup_stm32f40xx.o
CAN1_SCE_IRQHandler                               src\startup_stm32f40xx.o
CAN1_TX_IRQHandler                                src\startup_stm32f40xx.o
CAN2_RX0_IRQHandler                               src\startup_stm32f40xx.o
CAN2_RX1_IRQHandler                               src\startup_stm32f40xx.o
CAN2_SCE_IRQHandler                               src\startup_stm32f40xx.o
CAN2_TX_IRQHandler                                src\startup_stm32f40xx.o
CAN_CancelTransmit                                Libraries\STM32F4xx_StdPeriph_Driver\src\stm32f4xx_can.o
CAN_ClearFlag                                     Libraries\STM32F4xx_StdPeriph_Driver\src\stm32f4xx_can.o
CAN_ClearITPendingBit                             Libraries\STM32F4xx_StdPeriph_Driver\src\stm32f4xx_can.o
CAN_DBGFreeze                                     Libraries\STM32F4xx_StdPeriph_Driver\src\stm32f4xx_can.o
CAN_DeInit                                        Libraries\STM32F4xx_StdPeriph_Driver\src\stm32f4xx_can.o
CAN_FIFORelease                                   Libraries\STM32F4xx_StdPeriph_Driver\src\stm32f4xx_can.o
CAN_FilterInit                                    Libraries\STM32F4xx_StdPeriph_Driver\src\stm32f4xx_can.o
CAN_GetFlagStatus                                 Libraries\STM32F4xx_StdPeriph_Driver\src\stm32f4xx_can.o
CAN_GetITStatus                                   Libraries\STM32F4xx_StdPeriph_Driver\src\stm32f4xx_can.o
CAN_GetLSBTransmitErrorCounter                    Libraries\STM32F4xx_StdPeriph_Driver\src\stm32f4xx_can.o
CAN_GetLastErrorCode                              Libraries\STM32F4xx_StdPeriph_Driver\src\stm32f4xx_can.o
CAN_GetReceiveErrorCounter                        Libraries\STM32F4xx_StdPeriph_Driver\src\stm32f4xx_can.o
CAN_ITConfig                                      Libraries\STM32F4xx_StdPeriph_Driver\src\stm32f4xx_can.o
CAN_Init                                          Libraries\STM32F4xx_StdPeriph_Driver\src\stm32f4xx_can.o
CAN_MessagePending                                Libraries\STM32F4xx_StdPeriph_Driver\src\stm32f4xx_can.o
CAN_OperatingModeRequest                          Libraries\STM32F4xx_StdPeriph_Driver\src\stm32f4xx_can.o
CAN_Receive                                       Libraries\STM32F4xx_StdPeriph_Driver\src\stm32f4xx_can.o
CAN_SlaveStartBank                                Libraries\STM32F4xx_StdPeriph_Driver\src\stm32f4xx_can.o
CAN_Sleep                                         Libraries\STM32F4xx_StdPeriph_Driver\src\stm32f4xx_can.o
CAN_StructInit                                    Libraries\STM32F4xx_StdPeriph_Driver\src\stm32f4xx_can.o
CAN_TTComModeCmd                                  Libraries\STM32F4xx_StdPeriph_Driver\src\stm32f4xx_can.o
CAN_Transmit                                      Libraries\STM32F4xx_StdPeriph_Driver\src\stm32f4xx_can.o
CAN_TransmitStatus                                Libraries\STM32F4xx_StdPeriph_Driver\src\stm32f4xx_can.o
CAN_WakeUp                                        Libraries\STM32F4xx_StdPeriph_Driver\src\stm32f4xx_can.o
CRC_CalcBlockCRC                                  Libraries\STM32F4xx_StdPeriph_Driver\src\stm32f4xx_crc.o
CRC_CalcCRC                                       Libraries\STM32F4xx_StdPeriph_Driver\src\stm32f4xx_crc.o
CRC_GetCRC                                        Libraries\STM32F4xx_StdPeriph_Driver\src\stm32f4xx_crc.o
CRC_GetIDRegister                                 Libraries\STM32F4xx_StdPeriph_Driver\src\stm32f4xx_crc.o
CRC_ResetDR                                       Libraries\STM32F4xx_StdPeriph_Driver\src\stm32f4xx_crc.o
CRC_SetIDRegister                                 Libraries\STM32F4xx_StdPeriph_Driver\src\stm32f4xx_crc.o
CRYP_AES_CBC                                      Libraries\STM32F4xx_StdPeriph_Driver\src\stm32f4xx_cryp_aes.o
CRYP_AES_CCM                                      Libraries\STM32F4xx_StdPeriph_Driver\src\stm32f4xx_cryp_aes.o
CRYP_AES_CTR                                      Libraries\STM32F4xx_StdPeriph_Driver\src\stm32f4xx_cryp_aes.o
CRYP_AES_ECB                                      Libraries\STM32F4xx_StdPeriph_Driver\src\stm32f4xx_cryp_aes.o
CRYP_AES_GCM                                      Libraries\STM32F4xx_StdPeriph_Driver\src\stm32f4xx_cryp_aes.o
CRYP_Cmd                                          Libraries\STM32F4xx_StdPeriph_Driver\src\stm32f4xx_cryp.o
                                                  Libraries\STM32F4xx_StdPeriph_Driver\src\stm32f4xx_cryp_tdes.o
                                                  Libraries\STM32F4xx_StdPeriph_Driver\src\stm32f4xx_cryp_des.o
                                                  Libraries\STM32F4xx_StdPeriph_Driver\src\stm32f4xx_cryp_aes.o
CRYP_DES_CBC                                      Libraries\STM32F4xx_StdPeriph_Driver\src\stm32f4xx_cryp_des.o
CRYP_DES_ECB                                      Libraries\STM32F4xx_StdPeriph_Driver\src\stm32f4xx_cryp_des.o
CRYP_DMACmd                                       Libraries\STM32F4xx_StdPeriph_Driver\src\stm32f4xx_cryp.o
CRYP_DataIn                                       Libraries\STM32F4xx_StdPeriph_Driver\src\stm32f4xx_cryp.o
                                                  Libraries\STM32F4xx_StdPeriph_Driver\src\stm32f4xx_cryp_tdes.o
                                                  Libraries\STM32F4xx_StdPeriph_Driver\src\stm32f4xx_cryp_des.o
                                                  Libraries\STM32F4xx_StdPeriph_Driver\src\stm32f4xx_cryp_aes.o
CRYP_DataOut                                      Libraries\STM32F4xx_StdPeriph_Driver\src\stm32f4xx_cryp.o
                                                  Libraries\STM32F4xx_StdPeriph_Driver\src\stm32f4xx_cryp_tdes.o
                                                  Libraries\STM32F4xx_StdPeriph_Driver\src\stm32f4xx_cryp_des.o
                                                  Libraries\STM32F4xx_StdPeriph_Driver\src\stm32f4xx_cryp_aes.o
CRYP_DeInit                                       Libraries\STM32F4xx_StdPeriph_Driver\src\stm32f4xx_cryp.o
CRYP_FIFOFlush                                    Libraries\STM32F4xx_StdPeriph_Driver\src\stm32f4xx_cryp.o
                                                  Libraries\STM32F4xx_StdPeriph_Driver\src\stm32f4xx_cryp_tdes.o
                                                  Libraries\STM32F4xx_StdPeriph_Driver\src\stm32f4xx_cryp_des.o
                                                  Libraries\STM32F4xx_StdPeriph_Driver\src\stm32f4xx_cryp_aes.o
CRYP_GetCmdStatus                                 Libraries\STM32F4xx_StdPeriph_Driver\src\stm32f4xx_cryp.o
                                                  Libraries\STM32F4xx_StdPeriph_Driver\src\stm32f4xx_cryp_tdes.o
                                                  Libraries\STM32F4xx_StdPeriph_Driver\src\stm32f4xx_cryp_des.o
                                                  Libraries\STM32F4xx_StdPeriph_Driver\src\stm32f4xx_cryp_aes.o
CRYP_GetFlagStatus                                Libraries\STM32F4xx_StdPeriph_Driver\src\stm32f4xx_cryp.o
                                                  Libraries\STM32F4xx_StdPeriph_Driver\src\stm32f4xx_cryp_tdes.o
                                                  Libraries\STM32F4xx_StdPeriph_Driver\src\stm32f4xx_cryp_des.o
                                                  Libraries\STM32F4xx_StdPeriph_Driver\src\stm32f4xx_cryp_aes.o
CRYP_GetITStatus                                  Libraries\STM32F4xx_StdPeriph_Driver\src\stm32f4xx_cryp.o
CRYP_IRQHandler                                   src\startup_stm32f40xx.o
CRYP_ITConfig                                     Libraries\STM32F4xx_StdPeriph_Driver\src\stm32f4xx_cryp.o
CRYP_IVInit                                       Libraries\STM32F4xx_StdPeriph_Driver\src\stm32f4xx_cryp.o
                                                  Libraries\STM32F4xx_StdPeriph_Driver\src\stm32f4xx_cryp_tdes.o
                                                  Libraries\STM32F4xx_StdPeriph_Driver\src\stm32f4xx_cryp_des.o
                                                  Libraries\STM32F4xx_StdPeriph_Driver\src\stm32f4xx_cryp_aes.o
CRYP_IVStructInit                                 Libraries\STM32F4xx_StdPeriph_Driver\src\stm32f4xx_cryp.o
CRYP_Init                                         Libraries\STM32F4xx_StdPeriph_Driver\src\stm32f4xx_cryp.o
                                                  Libraries\STM32F4xx_StdPeriph_Driver\src\stm32f4xx_cryp_tdes.o
                                                  Libraries\STM32F4xx_StdPeriph_Driver\src\stm32f4xx_cryp_des.o
                                                  Libraries\STM32F4xx_StdPeriph_Driver\src\stm32f4xx_cryp_aes.o
CRYP_KeyInit                                      Libraries\STM32F4xx_StdPeriph_Driver\src\stm32f4xx_cryp.o
                                                  Libraries\STM32F4xx_StdPeriph_Driver\src\stm32f4xx_cryp_tdes.o
                                                  Libraries\STM32F4xx_StdPeriph_Driver\src\stm32f4xx_cryp_des.o
                                                  Libraries\STM32F4xx_StdPeriph_Driver\src\stm32f4xx_cryp_aes.o
CRYP_KeyStructInit                                Libraries\STM32F4xx_StdPeriph_Driver\src\stm32f4xx_cryp.o
                                                  Libraries\STM32F4xx_StdPeriph_Driver\src\stm32f4xx_cryp_tdes.o
                                                  Libraries\STM32F4xx_StdPeriph_Driver\src\stm32f4xx_cryp_des.o
                                                  Libraries\STM32F4xx_StdPeriph_Driver\src\stm32f4xx_cryp_aes.o
CRYP_PhaseConfig                                  Libraries\STM32F4xx_StdPeriph_Driver\src\stm32f4xx_cryp.o
                                                  Libraries\STM32F4xx_StdPeriph_Driver\src\stm32f4xx_cryp_aes.o
CRYP_RestoreContext                               Libraries\STM32F4xx_StdPeriph_Driver\src\stm32f4xx_cryp.o
CRYP_SaveContext                                  Libraries\STM32F4xx_StdPeriph_Driver\src\stm32f4xx_cryp.o
CRYP_StructInit                                   Libraries\STM32F4xx_StdPeriph_Driver\src\stm32f4xx_cryp.o
CRYP_TDES_CBC                                     Libraries\STM32F4xx_StdPeriph_Driver\src\stm32f4xx_cryp_tdes.o
CRYP_TDES_ECB                                     Libraries\STM32F4xx_StdPeriph_Driver\src\stm32f4xx_cryp_tdes.o
DAC_ClearFlag                                     Libraries\STM32F4xx_StdPeriph_Driver\src\stm32f4xx_dac.o
DAC_ClearITPendingBit                             Libraries\STM32F4xx_StdPeriph_Driver\src\stm32f4xx_dac.o
DAC_Cmd                                           Libraries\STM32F4xx_StdPeriph_Driver\src\stm32f4xx_dac.o
DAC_DMACmd                                        Libraries\STM32F4xx_StdPeriph_Driver\src\stm32f4xx_dac.o
DAC_DeInit                                        Libraries\STM32F4xx_StdPeriph_Driver\src\stm32f4xx_dac.o
DAC_DualSoftwareTriggerCmd                        Libraries\STM32F4xx_StdPeriph_Driver\src\stm32f4xx_dac.o
DAC_GetDataOutputValue                            Libraries\STM32F4xx_StdPeriph_Driver\src\stm32f4xx_dac.o
DAC_GetFlagStatus                                 Libraries\STM32F4xx_StdPeriph_Driver\src\stm32f4xx_dac.o
DAC_GetITStatus                                   Libraries\STM32F4xx_StdPeriph_Driver\src\stm32f4xx_dac.o
DAC_ITConfig                                      Libraries\STM32F4xx_StdPeriph_Driver\src\stm32f4xx_dac.o
DAC_Init                                          Libraries\STM32F4xx_StdPeriph_Driver\src\stm32f4xx_dac.o
DAC_SetChannel1Data                               Libraries\STM32F4xx_StdPeriph_Driver\src\stm32f4xx_dac.o
DAC_SetChannel2Data                               Libraries\STM32F4xx_StdPeriph_Driver\src\stm32f4xx_dac.o
DAC_SetDualChannelData                            Libraries\STM32F4xx_StdPeriph_Driver\src\stm32f4xx_dac.o
DAC_SoftwareTriggerCmd                            Libraries\STM32F4xx_StdPeriph_Driver\src\stm32f4xx_dac.o
DAC_StructInit                                    Libraries\STM32F4xx_StdPeriph_Driver\src\stm32f4xx_dac.o
DAC_WaveGenerationCmd                             Libraries\STM32F4xx_StdPeriph_Driver\src\stm32f4xx_dac.o
DBGMCU_APB1PeriphConfig                           Libraries\STM32F4xx_StdPeriph_Driver\src\stm32f4xx_dbgmcu.o
DBGMCU_APB2PeriphConfig                           Libraries\STM32F4xx_StdPeriph_Driver\src\stm32f4xx_dbgmcu.o
DBGMCU_Config                                     Libraries\STM32F4xx_StdPeriph_Driver\src\stm32f4xx_dbgmcu.o
DBGMCU_GetDEVID                                   Libraries\STM32F4xx_StdPeriph_Driver\src\stm32f4xx_dbgmcu.o
DBGMCU_GetREVID                                   Libraries\STM32F4xx_StdPeriph_Driver\src\stm32f4xx_dbgmcu.o
DCMI_CROPCmd                                      Libraries\STM32F4xx_StdPeriph_Driver\src\stm32f4xx_dcmi.o
DCMI_CROPConfig                                   Libraries\STM32F4xx_StdPeriph_Driver\src\stm32f4xx_dcmi.o
DCMI_CaptureCmd                                   Libraries\STM32F4xx_StdPeriph_Driver\src\stm32f4xx_dcmi.o
DCMI_ClearFlag                                    Libraries\STM32F4xx_StdPeriph_Driver\src\stm32f4xx_dcmi.o
DCMI_ClearITPendingBit                            Libraries\STM32F4xx_StdPeriph_Driver\src\stm32f4xx_dcmi.o
DCMI_Cmd                                          Libraries\STM32F4xx_StdPeriph_Driver\src\stm32f4xx_dcmi.o
DCMI_DeInit                                       Libraries\STM32F4xx_StdPeriph_Driver\src\stm32f4xx_dcmi.o
DCMI_GetFlagStatus                                Libraries\STM32F4xx_StdPeriph_Driver\src\stm32f4xx_dcmi.o
DCMI_GetITStatus                                  Libraries\STM32F4xx_StdPeriph_Driver\src\stm32f4xx_dcmi.o
DCMI_IRQHandler                                   src\startup_stm32f40xx.o
DCMI_ITConfig                                     Libraries\STM32F4xx_StdPeriph_Driver\src\stm32f4xx_dcmi.o
DCMI_Init                                         Libraries\STM32F4xx_StdPeriph_Driver\src\stm32f4xx_dcmi.o
DCMI_JPEGCmd                                      Libraries\STM32F4xx_StdPeriph_Driver\src\stm32f4xx_dcmi.o
DCMI_ReadData                                     Libraries\STM32F4xx_StdPeriph_Driver\src\stm32f4xx_dcmi.o
DCMI_SetEmbeddedSynchroCodes                      Libraries\STM32F4xx_StdPeriph_Driver\src\stm32f4xx_dcmi.o
DCMI_StructInit                                   Libraries\STM32F4xx_StdPeriph_Driver\src\stm32f4xx_dcmi.o
DMA1_Stream0_IRQHandler                           src\startup_stm32f40xx.o
DMA1_Stream1_IRQHandler                           src\startup_stm32f40xx.o
DMA1_Stream2_IRQHandler                           src\startup_stm32f40xx.o
DMA1_Stream3_IRQHandler                           src\startup_stm32f40xx.o
DMA1_Stream4_IRQHandler                           src\startup_stm32f40xx.o
DMA1_Stream5_IRQHandler                           src\startup_stm32f40xx.o
DMA1_Stream6_IRQHandler                           src\startup_stm32f40xx.o
DMA1_Stream7_IRQHandler                           src\startup_stm32f40xx.o
DMA2_Stream0_IRQHandler                           src\startup_stm32f40xx.o
DMA2_Stream1_IRQHandler                           src\startup_stm32f40xx.o
DMA2_Stream2_IRQHandler                           src\startup_stm32f40xx.o
DMA2_Stream3_IRQHandler                           src\startup_stm32f40xx.o
DMA2_Stream4_IRQHandler                           src\startup_stm32f40xx.o
DMA2_Stream5_IRQHandler                           src\startup_stm32f40xx.o
DMA2_Stream6_IRQHandler                           src\startup_stm32f40xx.o
DMA2_Stream7_IRQHandler                           src\startup_stm32f40xx.o
DMA_ClearFlag                                     Libraries\STM32F4xx_StdPeriph_Driver\src\stm32f4xx_dma.o
DMA_ClearITPendingBit                             Libraries\STM32F4xx_StdPeriph_Driver\src\stm32f4xx_dma.o
DMA_Cmd                                           Libraries\STM32F4xx_StdPeriph_Driver\src\stm32f4xx_dma.o
DMA_DeInit                                        Libraries\STM32F4xx_StdPeriph_Driver\src\stm32f4xx_dma.o
DMA_DoubleBufferModeCmd                           Libraries\STM32F4xx_StdPeriph_Driver\src\stm32f4xx_dma.o
DMA_DoubleBufferModeConfig                        Libraries\STM32F4xx_StdPeriph_Driver\src\stm32f4xx_dma.o
DMA_FlowControllerConfig                          Libraries\STM32F4xx_StdPeriph_Driver\src\stm32f4xx_dma.o
DMA_GetCmdStatus                                  Libraries\STM32F4xx_StdPeriph_Driver\src\stm32f4xx_dma.o
DMA_GetCurrDataCounter                            Libraries\STM32F4xx_StdPeriph_Driver\src\stm32f4xx_dma.o
DMA_GetCurrentMemoryTarget                        Libraries\STM32F4xx_StdPeriph_Driver\src\stm32f4xx_dma.o
DMA_GetFIFOStatus                                 Libraries\STM32F4xx_StdPeriph_Driver\src\stm32f4xx_dma.o
DMA_GetFlagStatus                                 Libraries\STM32F4xx_StdPeriph_Driver\src\stm32f4xx_dma.o
DMA_GetITStatus                                   Libraries\STM32F4xx_StdPeriph_Driver\src\stm32f4xx_dma.o
DMA_ITConfig                                      Libraries\STM32F4xx_StdPeriph_Driver\src\stm32f4xx_dma.o
DMA_Init                                          Libraries\STM32F4xx_StdPeriph_Driver\src\stm32f4xx_dma.o
DMA_MemoryTargetConfig                            Libraries\STM32F4xx_StdPeriph_Driver\src\stm32f4xx_dma.o
DMA_PeriphIncOffsetSizeConfig                     Libraries\STM32F4xx_StdPeriph_Driver\src\stm32f4xx_dma.o
DMA_SetCurrDataCounter                            Libraries\STM32F4xx_StdPeriph_Driver\src\stm32f4xx_dma.o
DMA_StructInit                                    Libraries\STM32F4xx_StdPeriph_Driver\src\stm32f4xx_dma.o
DebugMon_Handler                                  src\stm32f4xx_it.o
                                                  src\startup_stm32f40xx.o
Default_Handler                                   src\startup_stm32f40xx.o
ETH_IRQHandler                                    src\startup_stm32f40xx.o
ETH_WKUP_IRQHandler                               src\startup_stm32f40xx.o
EXTI0_IRQHandler                                  src\startup_stm32f40xx.o
EXTI15_10_IRQHandler                              src\startup_stm32f40xx.o
EXTI1_IRQHandler                                  src\startup_stm32f40xx.o
EXTI2_IRQHandler                                  src\startup_stm32f40xx.o
EXTI3_IRQHandler                                  src\startup_stm32f40xx.o
EXTI4_IRQHandler                                  src\startup_stm32f40xx.o
EXTI9_5_IRQHandler                                src\startup_stm32f40xx.o
EXTI_ClearFlag                                    Libraries\STM32F4xx_StdPeriph_Driver\src\stm32f4xx_exti.o
EXTI_ClearITPendingBit                            Libraries\STM32F4xx_StdPeriph_Driver\src\stm32f4xx_exti.o
EXTI_DeInit                                       Libraries\STM32F4xx_StdPeriph_Driver\src\stm32f4xx_exti.o
EXTI_GenerateSWInterrupt                          Libraries\STM32F4xx_StdPeriph_Driver\src\stm32f4xx_exti.o
EXTI_GetFlagStatus                                Libraries\STM32F4xx_StdPeriph_Driver\src\stm32f4xx_exti.o
EXTI_GetITStatus                                  Libraries\STM32F4xx_StdPeriph_Driver\src\stm32f4xx_exti.o
EXTI_Init                                         Libraries\STM32F4xx_StdPeriph_Driver\src\stm32f4xx_exti.o
EXTI_StructInit                                   Libraries\STM32F4xx_StdPeriph_Driver\src\stm32f4xx_exti.o
FLASH_ClearFlag                                   Libraries\STM32F4xx_StdPeriph_Driver\src\stm32f4xx_flash.o
FLASH_DataCacheCmd                                Libraries\STM32F4xx_StdPeriph_Driver\src\stm32f4xx_flash.o
FLASH_DataCacheReset                              Libraries\STM32F4xx_StdPeriph_Driver\src\stm32f4xx_flash.o
FLASH_EraseAllSectors                             Libraries\STM32F4xx_StdPeriph_Driver\src\stm32f4xx_flash.o
FLASH_EraseSector                                 Libraries\STM32F4xx_StdPeriph_Driver\src\stm32f4xx_flash.o
FLASH_GetFlagStatus                               Libraries\STM32F4xx_StdPeriph_Driver\src\stm32f4xx_flash.o
FLASH_GetStatus                                   Libraries\STM32F4xx_StdPeriph_Driver\src\stm32f4xx_flash.o
FLASH_IRQHandler                                  src\startup_stm32f40xx.o
FLASH_ITConfig                                    Libraries\STM32F4xx_StdPeriph_Driver\src\stm32f4xx_flash.o
FLASH_InstructionCacheCmd                         Libraries\STM32F4xx_StdPeriph_Driver\src\stm32f4xx_flash.o
FLASH_InstructionCacheReset                       Libraries\STM32F4xx_StdPeriph_Driver\src\stm32f4xx_flash.o
FLASH_Lock                                        Libraries\STM32F4xx_StdPeriph_Driver\src\stm32f4xx_flash.o
FLASH_OB_BORConfig                                Libraries\STM32F4xx_StdPeriph_Driver\src\stm32f4xx_flash.o
FLASH_OB_GetBOR                                   Libraries\STM32F4xx_StdPeriph_Driver\src\stm32f4xx_flash.o
FLASH_OB_GetRDP                                   Libraries\STM32F4xx_StdPeriph_Driver\src\stm32f4xx_flash.o
FLASH_OB_GetUser                                  Libraries\STM32F4xx_StdPeriph_Driver\src\stm32f4xx_flash.o
FLASH_OB_GetWRP                                   Libraries\STM32F4xx_StdPeriph_Driver\src\stm32f4xx_flash.o
FLASH_OB_GetWRP1                                  Libraries\STM32F4xx_StdPeriph_Driver\src\stm32f4xx_flash.o
FLASH_OB_Launch                                   Libraries\STM32F4xx_StdPeriph_Driver\src\stm32f4xx_flash.o
FLASH_OB_Lock                                     Libraries\STM32F4xx_StdPeriph_Driver\src\stm32f4xx_flash.o
FLASH_OB_RDPConfig                                Libraries\STM32F4xx_StdPeriph_Driver\src\stm32f4xx_flash.o
FLASH_OB_Unlock                                   Libraries\STM32F4xx_StdPeriph_Driver\src\stm32f4xx_flash.o
FLASH_OB_UserConfig                               Libraries\STM32F4xx_StdPeriph_Driver\src\stm32f4xx_flash.o
FLASH_OB_WRP1Config                               Libraries\STM32F4xx_StdPeriph_Driver\src\stm32f4xx_flash.o
FLASH_OB_WRPConfig                                Libraries\STM32F4xx_StdPeriph_Driver\src\stm32f4xx_flash.o
FLASH_PrefetchBufferCmd                           Libraries\STM32F4xx_StdPeriph_Driver\src\stm32f4xx_flash.o
FLASH_ProgramByte                                 Libraries\STM32F4xx_StdPeriph_Driver\src\stm32f4xx_flash.o
FLASH_ProgramDoubleWord                           Libraries\STM32F4xx_StdPeriph_Driver\src\stm32f4xx_flash.o