tm_stm32f4_usart.c:111:6:TM_USART_Init	40	static
tm_stm32f4_usart.c:154:6:TM_USART_InitWithFlowControl	40	static
tm_stm32f4_usart.c:197:9:TM_USART_Getc	24	static
tm_stm32f4_usart.c:224:10:TM_USART_Gets	40	static
tm_stm32f4_usart.c:264:9:TM_USART_BufferEmpty	24	static
tm_stm32f4_usart.c:271:9:TM_USART_BufferFull	24	static
tm_stm32f4_usart.c:278:6:TM_USART_ClearBuffer	24	static
tm_stm32f4_usart.c:287:6:TM_USART_SetCustomStringEndCharacter	24	static
tm_stm32f4_usart.c:295:9:TM_USART_FindCharacter	24	static
tm_stm32f4_usart.c:324:6:TM_USART_Puts	24	static
tm_stm32f4_usart.c:342:6:TM_USART_Send	32	static
tm_stm32f4_usart.c:362:6:TM_USART_INT_InsertToBuffer	16	static
tm_stm32f4_usart.c:377:13:TM_USART_InitCustomPinsCallback	16	static
tm_stm32f4_usart.c:382:13:TM_USART_INT_GetUsart	24	static
tm_stm32f4_usart.c:429:9:TM_USART_INT_GetSubPriority	24	static
tm_stm32f4_usart.c:477:6:TM_USART1_InitPins	24	static
tm_stm32f4_usart.c:497:6:TM_USART2_InitPins	24	static
tm_stm32f4_usart.c:517:6:TM_USART3_InitPins	24	static
tm_stm32f4_usart.c:542:6:TM_UART4_InitPins	24	static
tm_stm32f4_usart.c:562:6:TM_UART5_InitPins	24	static
tm_stm32f4_usart.c:578:6:TM_USART6_InitPins	24	static
tm_stm32f4_usart.c:633:6:USART1_IRQHandler	8	static
tm_stm32f4_usart.c:648:6:USART2_IRQHandler	8	static
tm_stm32f4_usart.c:663:6:USART3_IRQHandler	8	static
tm_stm32f4_usart.c:678:6:UART4_IRQHandler	8	static
tm_stm32f4_usart.c:693:6:UART5_IRQHandler	8	static
tm_stm32f4_usart.c:708:6:USART6_IRQHandler	8	static
tm_stm32f4_usart.c:752:13:TM_USART_INT_Init	56	static
